Archive member included to satisfy reference by file (symbol)

d:/software/stm32cube/gcc-arm-none-eabi-10.3-2021.10/bin/../lib/gcc/arm-none-eabi/10.3.1/thumb/v6-m/nofp\libgcc.a(_udivsi3.o)
                              CMakeFiles/SLK-FreeRTOS.elf.dir/Core/Src/stm32g0xx_hal_timebase_tim.c.obj (__aeabi_uidiv)
d:/software/stm32cube/gcc-arm-none-eabi-10.3-2021.10/bin/../lib/gcc/arm-none-eabi/10.3.1/thumb/v6-m/nofp\libgcc.a(_divsi3.o)
                              CMakeFiles/SLK-FreeRTOS.elf.dir/Drivers/STM32G0xx_HAL_Driver/Src/stm32g0xx_hal_uart_ex.c.obj (__aeabi_idiv)
d:/software/stm32cube/gcc-arm-none-eabi-10.3-2021.10/bin/../lib/gcc/arm-none-eabi/10.3.1/thumb/v6-m/nofp\libgcc.a(_dvmd_tls.o)
                              d:/software/stm32cube/gcc-arm-none-eabi-10.3-2021.10/bin/../lib/gcc/arm-none-eabi/10.3.1/thumb/v6-m/nofp\libgcc.a(_udivsi3.o) (__aeabi_idiv0)
d:/software/stm32cube/gcc-arm-none-eabi-10.3-2021.10/bin/../lib/gcc/arm-none-eabi/10.3.1/../../../../arm-none-eabi/lib/thumb/v6-m/nofp\libg.a(lib_a-errno.o)
                              CMakeFiles/SLK-FreeRTOS.elf.dir/Core/Src/syscalls.c.obj (__errno)
d:/software/stm32cube/gcc-arm-none-eabi-10.3-2021.10/bin/../lib/gcc/arm-none-eabi/10.3.1/../../../../arm-none-eabi/lib/thumb/v6-m/nofp\libg.a(lib_a-exit.o)
                              d:/software/stm32cube/gcc-arm-none-eabi-10.3-2021.10/bin/../lib/gcc/arm-none-eabi/10.3.1/../../../../arm-none-eabi/lib/thumb/v6-m/nofp/crt0.o (exit)
d:/software/stm32cube/gcc-arm-none-eabi-10.3-2021.10/bin/../lib/gcc/arm-none-eabi/10.3.1/../../../../arm-none-eabi/lib/thumb/v6-m/nofp\libg.a(lib_a-impure.o)
                              d:/software/stm32cube/gcc-arm-none-eabi-10.3-2021.10/bin/../lib/gcc/arm-none-eabi/10.3.1/../../../../arm-none-eabi/lib/thumb/v6-m/nofp\libg.a(lib_a-exit.o) (_global_impure_ptr)
d:/software/stm32cube/gcc-arm-none-eabi-10.3-2021.10/bin/../lib/gcc/arm-none-eabi/10.3.1/../../../../arm-none-eabi/lib/thumb/v6-m/nofp\libg.a(lib_a-init.o)
                              d:/software/stm32cube/gcc-arm-none-eabi-10.3-2021.10/bin/../lib/gcc/arm-none-eabi/10.3.1/../../../../arm-none-eabi/lib/thumb/v6-m/nofp/crt0.o (__libc_init_array)
d:/software/stm32cube/gcc-arm-none-eabi-10.3-2021.10/bin/../lib/gcc/arm-none-eabi/10.3.1/../../../../arm-none-eabi/lib/thumb/v6-m/nofp\libg.a(lib_a-memcpy-stub.o)
                              CMakeFiles/SLK-FreeRTOS.elf.dir/Middlewares/Third_Party/FreeRTOS/Source/CMSIS_RTOS_V2/cmsis_os2.c.obj (memcpy)
d:/software/stm32cube/gcc-arm-none-eabi-10.3-2021.10/bin/../lib/gcc/arm-none-eabi/10.3.1/../../../../arm-none-eabi/lib/thumb/v6-m/nofp\libg.a(lib_a-memset.o)
                              d:/software/stm32cube/gcc-arm-none-eabi-10.3-2021.10/bin/../lib/gcc/arm-none-eabi/10.3.1/../../../../arm-none-eabi/lib/thumb/v6-m/nofp/crt0.o (memset)
d:/software/stm32cube/gcc-arm-none-eabi-10.3-2021.10/bin/../lib/gcc/arm-none-eabi/10.3.1/../../../../arm-none-eabi/lib/thumb/v6-m/nofp\libg.a(lib_a-__call_atexit.o)
                              d:/software/stm32cube/gcc-arm-none-eabi-10.3-2021.10/bin/../lib/gcc/arm-none-eabi/10.3.1/../../../../arm-none-eabi/lib/thumb/v6-m/nofp\libg.a(lib_a-exit.o) (__call_exitprocs)
d:/software/stm32cube/gcc-arm-none-eabi-10.3-2021.10/bin/../lib/gcc/arm-none-eabi/10.3.1/../../../../arm-none-eabi/lib/thumb/v6-m/nofp\libg.a(lib_a-atexit.o)
                              d:/software/stm32cube/gcc-arm-none-eabi-10.3-2021.10/bin/../lib/gcc/arm-none-eabi/10.3.1/../../../../arm-none-eabi/lib/thumb/v6-m/nofp\libg.a(lib_a-__call_atexit.o) (atexit)
d:/software/stm32cube/gcc-arm-none-eabi-10.3-2021.10/bin/../lib/gcc/arm-none-eabi/10.3.1/../../../../arm-none-eabi/lib/thumb/v6-m/nofp\libg.a(lib_a-fini.o)
                              d:/software/stm32cube/gcc-arm-none-eabi-10.3-2021.10/bin/../lib/gcc/arm-none-eabi/10.3.1/../../../../arm-none-eabi/lib/thumb/v6-m/nofp\libg.a(lib_a-__call_atexit.o) (__libc_fini_array)
d:/software/stm32cube/gcc-arm-none-eabi-10.3-2021.10/bin/../lib/gcc/arm-none-eabi/10.3.1/../../../../arm-none-eabi/lib/thumb/v6-m/nofp\libg.a(lib_a-lock.o)
                              d:/software/stm32cube/gcc-arm-none-eabi-10.3-2021.10/bin/../lib/gcc/arm-none-eabi/10.3.1/../../../../arm-none-eabi/lib/thumb/v6-m/nofp\libg.a(lib_a-__call_atexit.o) (__retarget_lock_acquire_recursive)
d:/software/stm32cube/gcc-arm-none-eabi-10.3-2021.10/bin/../lib/gcc/arm-none-eabi/10.3.1/../../../../arm-none-eabi/lib/thumb/v6-m/nofp\libg.a(lib_a-__atexit.o)
                              d:/software/stm32cube/gcc-arm-none-eabi-10.3-2021.10/bin/../lib/gcc/arm-none-eabi/10.3.1/../../../../arm-none-eabi/lib/thumb/v6-m/nofp\libg.a(lib_a-atexit.o) (__register_exitproc)

Discarded input sections

 .text          0x00000000        0x0 d:/software/stm32cube/gcc-arm-none-eabi-10.3-2021.10/bin/../lib/gcc/arm-none-eabi/10.3.1/thumb/v6-m/nofp/crti.o
[...]
Memory Configuration

Name             Origin             Length             Attributes
RAM              0x20000000         0x00009000         xrw
FLASH            0x08000000         0x00020000         xr
*default*        0x00000000         0xffffffff

Linker script and memory map

LOAD d:/software/stm32cube/gcc-arm-none-eabi-10.3-2021.10/bin/../lib/gcc/arm-none-eabi/10.3.1/thumb/v6-m/nofp/crti.o
LOAD d:/software/stm32cube/gcc-arm-none-eabi-10.3-2021.10/bin/../lib/gcc/arm-none-eabi/10.3.1/thumb/v6-m/nofp/crtbegin.o
LOAD d:/software/stm32cube/gcc-arm-none-eabi-10.3-2021.10/bin/../lib/gcc/arm-none-eabi/10.3.1/../../../../arm-none-eabi/lib/thumb/v6-m/nofp/crt0.o
LOAD CMakeFiles/SLK-FreeRTOS.elf.dir/Core/Src/adc.c.obj
LOAD CMakeFiles/SLK-FreeRTOS.elf.dir/Core/Src/app_freertos.c.obj
LOAD CMakeFiles/SLK-FreeRTOS.elf.dir/Core/Src/dma.c.obj
LOAD CMakeFiles/SLK-FreeRTOS.elf.dir/Core/Src/gpio.c.obj
LOAD CMakeFiles/SLK-FreeRTOS.elf.dir/Core/Src/i2c.c.obj
LOAD CMakeFiles/SLK-FreeRTOS.elf.dir/Core/Src/main.c.obj
LOAD CMakeFiles/SLK-FreeRTOS.elf.dir/Core/Src/spi.c.obj
LOAD CMakeFiles/SLK-FreeRTOS.elf.dir/Core/Src/stm32g0xx_hal_msp.c.obj
LOAD CMakeFiles/SLK-FreeRTOS.elf.dir/Core/Src/stm32g0xx_hal_timebase_tim.c.obj
LOAD CMakeFiles/SLK-FreeRTOS.elf.dir/Core/Src/stm32g0xx_it.c.obj
LOAD CMakeFiles/SLK-FreeRTOS.elf.dir/Core/Src/syscalls.c.obj
LOAD CMakeFiles/SLK-FreeRTOS.elf.dir/Core/Src/sysmem.c.obj
LOAD CMakeFiles/SLK-FreeRTOS.elf.dir/Core/Src/system_stm32g0xx.c.obj
LOAD CMakeFiles/SLK-FreeRTOS.elf.dir/Core/Src/tim.c.obj
LOAD CMakeFiles/SLK-FreeRTOS.elf.dir/Core/Src/usart.c.obj
LOAD CMakeFiles/SLK-FreeRTOS.elf.dir/Core/Startup/startup_stm32g070cbtx.s.obj
LOAD CMakeFiles/SLK-FreeRTOS.elf.dir/Drivers/STM32G0xx_HAL_Driver/Src/stm32g0xx_hal.c.obj
LOAD CMakeFiles/SLK-FreeRTOS.elf.dir/Drivers/STM32G0xx_HAL_Driver/Src/stm32g0xx_hal_adc.c.obj
LOAD CMakeFiles/SLK-FreeRTOS.elf.dir/Drivers/STM32G0xx_HAL_Driver/Src/stm32g0xx_hal_adc_ex.c.obj
LOAD CMakeFiles/SLK-FreeRTOS.elf.dir/Drivers/STM32G0xx_HAL_Driver/Src/stm32g0xx_hal_cortex.c.obj
LOAD CMakeFiles/SLK-FreeRTOS.elf.dir/Drivers/STM32G0xx_HAL_Driver/Src/stm32g0xx_hal_dma.c.obj
LOAD CMakeFiles/SLK-FreeRTOS.elf.dir/Drivers/STM32G0xx_HAL_Driver/Src/stm32g0xx_hal_dma_ex.c.obj
LOAD CMakeFiles/SLK-FreeRTOS.elf.dir/Drivers/STM32G0xx_HAL_Driver/Src/stm32g0xx_hal_exti.c.obj
LOAD CMakeFiles/SLK-FreeRTOS.elf.dir/Drivers/STM32G0xx_HAL_Driver/Src/stm32g0xx_hal_flash.c.obj
LOAD CMakeFiles/SLK-FreeRTOS.elf.dir/Drivers/STM32G0xx_HAL_Driver/Src/stm32g0xx_hal_flash_ex.c.obj
LOAD CMakeFiles/SLK-FreeRTOS.elf.dir/Drivers/STM32G0xx_HAL_Driver/Src/stm32g0xx_hal_gpio.c.obj
LOAD CMakeFiles/SLK-FreeRTOS.elf.dir/Drivers/STM32G0xx_HAL_Driver/Src/stm32g0xx_hal_i2c.c.obj
LOAD CMakeFiles/SLK-FreeRTOS.elf.dir/Drivers/STM32G0xx_HAL_Driver/Src/stm32g0xx_hal_i2c_ex.c.obj
LOAD CMakeFiles/SLK-FreeRTOS.elf.dir/Drivers/STM32G0xx_HAL_Driver/Src/stm32g0xx_hal_pwr.c.obj
LOAD CMakeFiles/SLK-FreeRTOS.elf.dir/Drivers/STM32G0xx_HAL_Driver/Src/stm32g0xx_hal_pwr_ex.c.obj
LOAD CMakeFiles/SLK-FreeRTOS.elf.dir/Drivers/STM32G0xx_HAL_Driver/Src/stm32g0xx_hal_rcc.c.obj
LOAD CMakeFiles/SLK-FreeRTOS.elf.dir/Drivers/STM32G0xx_HAL_Driver/Src/stm32g0xx_hal_rcc_ex.c.obj
LOAD CMakeFiles/SLK-FreeRTOS.elf.dir/Drivers/STM32G0xx_HAL_Driver/Src/stm32g0xx_hal_spi.c.obj
LOAD CMakeFiles/SLK-FreeRTOS.elf.dir/Drivers/STM32G0xx_HAL_Driver/Src/stm32g0xx_hal_spi_ex.c.obj
LOAD CMakeFiles/SLK-FreeRTOS.elf.dir/Drivers/STM32G0xx_HAL_Driver/Src/stm32g0xx_hal_tim.c.obj
LOAD CMakeFiles/SLK-FreeRTOS.elf.dir/Drivers/STM32G0xx_HAL_Driver/Src/stm32g0xx_hal_tim_ex.c.obj
LOAD CMakeFiles/SLK-FreeRTOS.elf.dir/Drivers/STM32G0xx_HAL_Driver/Src/stm32g0xx_hal_uart.c.obj
LOAD CMakeFiles/SLK-FreeRTOS.elf.dir/Drivers/STM32G0xx_HAL_Driver/Src/stm32g0xx_hal_uart_ex.c.obj
LOAD CMakeFiles/SLK-FreeRTOS.elf.dir/Drivers/STM32G0xx_HAL_Driver/Src/stm32g0xx_ll_adc.c.obj
LOAD CMakeFiles/SLK-FreeRTOS.elf.dir/Drivers/STM32G0xx_HAL_Driver/Src/stm32g0xx_ll_dma.c.obj
LOAD CMakeFiles/SLK-FreeRTOS.elf.dir/Drivers/STM32G0xx_HAL_Driver/Src/stm32g0xx_ll_rcc.c.obj
LOAD CMakeFiles/SLK-FreeRTOS.elf.dir/Hardware/Src/tmc5130.c.obj
LOAD CMakeFiles/SLK-FreeRTOS.elf.dir/Middlewares/Third_Party/FreeRTOS/Source/CMSIS_RTOS_V2/cmsis_os2.c.obj
LOAD CMakeFiles/SLK-FreeRTOS.elf.dir/Middlewares/Third_Party/FreeRTOS/Source/croutine.c.obj
LOAD CMakeFiles/SLK-FreeRTOS.elf.dir/Middlewares/Third_Party/FreeRTOS/Source/event_groups.c.obj
LOAD CMakeFiles/SLK-FreeRTOS.elf.dir/Middlewares/Third_Party/FreeRTOS/Source/list.c.obj
LOAD CMakeFiles/SLK-FreeRTOS.elf.dir/Middlewares/Third_Party/FreeRTOS/Source/portable/GCC/ARM_CM0/port.c.obj
LOAD CMakeFiles/SLK-FreeRTOS.elf.dir/Middlewares/Third_Party/FreeRTOS/Source/portable/MemMang/heap_4.c.obj
LOAD CMakeFiles/SLK-FreeRTOS.elf.dir/Middlewares/Third_Party/FreeRTOS/Source/queue.c.obj
LOAD CMakeFiles/SLK-FreeRTOS.elf.dir/Middlewares/Third_Party/FreeRTOS/Source/stream_buffer.c.obj
LOAD CMakeFiles/SLK-FreeRTOS.elf.dir/Middlewares/Third_Party/FreeRTOS/Source/tasks.c.obj
LOAD CMakeFiles/SLK-FreeRTOS.elf.dir/Middlewares/Third_Party/FreeRTOS/Source/timers.c.obj
START GROUP
LOAD d:/software/stm32cube/gcc-arm-none-eabi-10.3-2021.10/bin/../lib/gcc/arm-none-eabi/10.3.1/thumb/v6-m/nofp\libgcc.a
LOAD d:/software/stm32cube/gcc-arm-none-eabi-10.3-2021.10/bin/../lib/gcc/arm-none-eabi/10.3.1/../../../../arm-none-eabi/lib/thumb/v6-m/nofp\libg.a
LOAD d:/software/stm32cube/gcc-arm-none-eabi-10.3-2021.10/bin/../lib/gcc/arm-none-eabi/10.3.1/../../../../arm-none-eabi/lib/thumb/v6-m/nofp\libc.a
END GROUP
LOAD d:/software/stm32cube/gcc-arm-none-eabi-10.3-2021.10/bin/../lib/gcc/arm-none-eabi/10.3.1/thumb/v6-m/nofp/crtend.o
LOAD d:/software/stm32cube/gcc-arm-none-eabi-10.3-2021.10/bin/../lib/gcc/arm-none-eabi/10.3.1/thumb/v6-m/nofp/crtn.o
                0x20009000                _estack = (ORIGIN (RAM) + LENGTH (RAM))
                0x00000200                _Min_Heap_Size = 0x200
                0x00000400                _Min_Stack_Size = 0x400

.isr_vector     0x08000000       0xb8
                0x08000000                . = ALIGN (0x4)
 *(.isr_vector)
 .isr_vector    0x08000000       0xb8 CMakeFiles/SLK-FreeRTOS.elf.dir/Core/Startup/startup_stm32g070cbtx.s.obj
                0x08000000                g_pfnVectors
                0x080000b8                . = ALIGN (0x4)

.text           0x080000c0     0x63c4
                0x080000c0                . = ALIGN (0x4)
 *(.text)
 .text          0x080000c0       0x48 d:/software/stm32cube/gcc-arm-none-eabi-10.3-2021.10/bin/../lib/gcc/arm-none-eabi/10.3.1/thumb/v6-m/nofp/crtbegin.o
 .text          0x08000108      0x114 d:/software/stm32cube/gcc-arm-none-eabi-10.3-2021.10/bin/../lib/gcc/arm-none-eabi/10.3.1/thumb/v6-m/nofp\libgcc.a(_udivsi3.o)
                0x08000108                __aeabi_uidiv
                0x08000108                __udivsi3
                0x08000214                __aeabi_uidivmod
 .text          0x0800021c      0x1d4 d:/software/stm32cube/gcc-arm-none-eabi-10.3-2021.10/bin/../lib/gcc/arm-none-eabi/10.3.1/thumb/v6-m/nofp\libgcc.a(_divsi3.o)
                0x0800021c                __divsi3
                0x0800021c                __aeabi_idiv
                0x080003e8                __aeabi_idivmod
 .text          0x080003f0        0x4 d:/software/stm32cube/gcc-arm-none-eabi-10.3-2021.10/bin/../lib/gcc/arm-none-eabi/10.3.1/thumb/v6-m/nofp\libgcc.a(_dvmd_tls.o)
                0x080003f0                __aeabi_idiv0
                0x080003f0                __aeabi_ldiv0
 *(.text*)
 .text.MX_ADC1_Init
                0x080003f4       0xc8 CMakeFiles/SLK-FreeRTOS.elf.dir/Core/Src/adc.c.obj
                0x080003f4                MX_ADC1_Init
 .text.HAL_ADC_MspInit
                0x080004bc       0xd0 CMakeFiles/SLK-FreeRTOS.elf.dir/Core/Src/adc.c.obj
                0x080004bc                HAL_ADC_MspInit
 .text.AppMoto_Task
                0x0800058c       0x4c CMakeFiles/SLK-FreeRTOS.elf.dir/Core/Src/app_freertos.c.obj
                0x0800058c                AppMoto_Task
 .text.StartTask02
                0x080005d8       0x18 CMakeFiles/SLK-FreeRTOS.elf.dir/Core/Src/app_freertos.c.obj
                0x080005d8                StartTask02
 .text.MX_FREERTOS_Init
                0x080005f0       0x38 CMakeFiles/SLK-FreeRTOS.elf.dir/Core/Src/app_freertos.c.obj
                0x080005f0                MX_FREERTOS_Init
 .text.MX_DMA_Init
                0x08000628       0x50 CMakeFiles/SLK-FreeRTOS.elf.dir/Core/Src/dma.c.obj
                0x08000628                MX_DMA_Init
 .text.MX_GPIO_Init
                0x08000678      0x1bc CMakeFiles/SLK-FreeRTOS.elf.dir/Core/Src/gpio.c.obj
                0x08000678                MX_GPIO_Init
 .text.MX_I2C1_Init
                0x08000834       0x60 CMakeFiles/SLK-FreeRTOS.elf.dir/Core/Src/i2c.c.obj
                0x08000834                MX_I2C1_Init
 .text.MX_I2C2_Init
                0x08000894       0x60 CMakeFiles/SLK-FreeRTOS.elf.dir/Core/Src/i2c.c.obj
                0x08000894                MX_I2C2_Init
 .text.HAL_I2C_MspInit
                0x080008f4      0x1d0 CMakeFiles/SLK-FreeRTOS.elf.dir/Core/Src/i2c.c.obj
                0x080008f4                HAL_I2C_MspInit
 .text.HAL_TIM_PeriodElapsedCallback
                0x08000ac4       0x18 CMakeFiles/SLK-FreeRTOS.elf.dir/Core/Src/main.c.obj
                0x08000ac4                HAL_TIM_PeriodElapsedCallback
 .text.Error_Handler
                0x08000adc        0x4 CMakeFiles/SLK-FreeRTOS.elf.dir/Core/Src/main.c.obj
                0x08000adc                Error_Handler
 .text.SystemClock_Config
                0x08000ae0       0x76 CMakeFiles/SLK-FreeRTOS.elf.dir/Core/Src/main.c.obj
                0x08000ae0                SystemClock_Config
 .text.main     0x08000b56       0x44 CMakeFiles/SLK-FreeRTOS.elf.dir/Core/Src/main.c.obj
                0x08000b56                main
 *fill*         0x08000b9a        0x2 
 .text.MX_SPI1_Init
                0x08000b9c       0x54 CMakeFiles/SLK-FreeRTOS.elf.dir/Core/Src/spi.c.obj
                0x08000b9c                MX_SPI1_Init
 .text.HAL_SPI_MspInit
                0x08000bf0       0x88 CMakeFiles/SLK-FreeRTOS.elf.dir/Core/Src/spi.c.obj
                0x08000bf0                HAL_SPI_MspInit
 .text.HAL_MspInit
                0x08000c78       0x44 CMakeFiles/SLK-FreeRTOS.elf.dir/Core/Src/stm32g0xx_hal_msp.c.obj
                0x08000c78                HAL_MspInit
 .text.HAL_InitTick
                0x08000cbc       0x9c CMakeFiles/SLK-FreeRTOS.elf.dir/Core/Src/stm32g0xx_hal_timebase_tim.c.obj
                0x08000cbc                HAL_InitTick
 .text.NMI_Handler
                0x08000d58        0x2 CMakeFiles/SLK-FreeRTOS.elf.dir/Core/Src/stm32g0xx_it.c.obj
                0x08000d58                NMI_Handler
 .text.HardFault_Handler
                0x08000d5a        0x2 CMakeFiles/SLK-FreeRTOS.elf.dir/Core/Src/stm32g0xx_it.c.obj
                0x08000d5a                HardFault_Handler
 .text.EXTI2_3_IRQHandler
                0x08000d5c        0xa CMakeFiles/SLK-FreeRTOS.elf.dir/Core/Src/stm32g0xx_it.c.obj
                0x08000d5c                EXTI2_3_IRQHandler
 *fill*         0x08000d66        0x2 
 .text.DMA1_Channel1_IRQHandler
                0x08000d68       0x10 CMakeFiles/SLK-FreeRTOS.elf.dir/Core/Src/stm32g0xx_it.c.obj
                0x08000d68                DMA1_Channel1_IRQHandler
 .text.DMA1_Channel2_3_IRQHandler
                0x08000d78       0x18 CMakeFiles/SLK-FreeRTOS.elf.dir/Core/Src/stm32g0xx_it.c.obj
                0x08000d78                DMA1_Channel2_3_IRQHandler
 .text.DMA1_Ch4_7_DMAMUX1_OVR_IRQHandler
                0x08000d90       0x2c CMakeFiles/SLK-FreeRTOS.elf.dir/Core/Src/stm32g0xx_it.c.obj
                0x08000d90                DMA1_Ch4_7_DMAMUX1_OVR_IRQHandler
 .text.ADC1_IRQHandler
                0x08000dbc       0x10 CMakeFiles/SLK-FreeRTOS.elf.dir/Core/Src/stm32g0xx_it.c.obj
                0x08000dbc                ADC1_IRQHandler
 .text.TIM6_IRQHandler
                0x08000dcc       0x10 CMakeFiles/SLK-FreeRTOS.elf.dir/Core/Src/stm32g0xx_it.c.obj
                0x08000dcc                TIM6_IRQHandler
 .text.I2C1_IRQHandler
                0x08000ddc       0x24 CMakeFiles/SLK-FreeRTOS.elf.dir/Core/Src/stm32g0xx_it.c.obj
                0x08000ddc                I2C1_IRQHandler
 .text.I2C2_IRQHandler
                0x08000e00       0x24 CMakeFiles/SLK-FreeRTOS.elf.dir/Core/Src/stm32g0xx_it.c.obj
                0x08000e00                I2C2_IRQHandler
 .text.USART1_IRQHandler
                0x08000e24       0x10 CMakeFiles/SLK-FreeRTOS.elf.dir/Core/Src/stm32g0xx_it.c.obj
                0x08000e24                USART1_IRQHandler
 .text.SystemInit
                0x08000e34        0x2 CMakeFiles/SLK-FreeRTOS.elf.dir/Core/Src/system_stm32g0xx.c.obj
                0x08000e34                SystemInit
 *fill*         0x08000e36        0x2 
 .text.HAL_TIM_PWM_MspInit
                0x08000e38       0x2c CMakeFiles/SLK-FreeRTOS.elf.dir/Core/Src/tim.c.obj
                0x08000e38                HAL_TIM_PWM_MspInit
 .text.HAL_TIM_Base_MspInit
                0x08000e64       0xb8 CMakeFiles/SLK-FreeRTOS.elf.dir/Core/Src/tim.c.obj
                0x08000e64                HAL_TIM_Base_MspInit
 .text.HAL_TIM_MspPostInit
                0x08000f1c       0xe4 CMakeFiles/SLK-FreeRTOS.elf.dir/Core/Src/tim.c.obj
                0x08000f1c                HAL_TIM_MspPostInit
 .text.MX_TIM3_Init
                0x08001000       0x88 CMakeFiles/SLK-FreeRTOS.elf.dir/Core/Src/tim.c.obj
                0x08001000                MX_TIM3_Init
 .text.MX_TIM14_Init
                0x08001088       0x74 CMakeFiles/SLK-FreeRTOS.elf.dir/Core/Src/tim.c.obj
                0x08001088                MX_TIM14_Init
 .text.MX_TIM16_Init
                0x080010fc       0xac CMakeFiles/SLK-FreeRTOS.elf.dir/Core/Src/tim.c.obj
                0x080010fc                MX_TIM16_Init
 .text.MX_TIM17_Init
                0x080011a8       0xb0 CMakeFiles/SLK-FreeRTOS.elf.dir/Core/Src/tim.c.obj
                0x080011a8                MX_TIM17_Init
 .text.MX_USART1_UART_Init
                0x08001258       0x70 CMakeFiles/SLK-FreeRTOS.elf.dir/Core/Src/usart.c.obj
                0x08001258                MX_USART1_UART_Init
 .text.HAL_UART_MspInit
                0x080012c8       0xcc CMakeFiles/SLK-FreeRTOS.elf.dir/Core/Src/usart.c.obj
                0x080012c8                HAL_UART_MspInit
 .text.Reset_Handler
                0x08001394       0x50 CMakeFiles/SLK-FreeRTOS.elf.dir/Core/Startup/startup_stm32g070cbtx.s.obj
                0x08001394                Reset_Handler
 .text.Default_Handler
                0x080013e4        0x2 CMakeFiles/SLK-FreeRTOS.elf.dir/Core/Startup/startup_stm32g070cbtx.s.obj
                0x080013e4                TIM1_CC_IRQHandler
                0x080013e4                RTC_TAMP_IRQHandler
                0x080013e4                SPI1_IRQHandler
                0x080013e4                USART3_4_IRQHandler
                0x080013e4                TIM17_IRQHandler
                0x080013e4                TIM16_IRQHandler
                0x080013e4                TIM3_IRQHandler
                0x080013e4                EXTI4_15_IRQHandler
                0x080013e4                RCC_IRQHandler
                0x080013e4                Default_Handler
                0x080013e4                TIM14_IRQHandler
                0x080013e4                TIM7_IRQHandler
                0x080013e4                TIM15_IRQHandler
                0x080013e4                EXTI0_1_IRQHandler
                0x080013e4                SPI2_IRQHandler
                0x080013e4                WWDG_IRQHandler
                0x080013e4                USART2_IRQHandler
                0x080013e4                FLASH_IRQHandler
                0x080013e4                TIM1_BRK_UP_TRG_COM_IRQHandler
 *fill*         0x080013e6        0x2 
 .text.HAL_Init
                0x080013e8       0x28 CMakeFiles/SLK-FreeRTOS.elf.dir/Drivers/STM32G0xx_HAL_Driver/Src/stm32g0xx_hal.c.obj
                0x080013e8                HAL_Init
 .text.HAL_IncTick
                0x08001410       0x18 CMakeFiles/SLK-FreeRTOS.elf.dir/Drivers/STM32G0xx_HAL_Driver/Src/stm32g0xx_hal.c.obj
                0x08001410                HAL_IncTick
 .text.HAL_GetTick
                0x08001428        0xc CMakeFiles/SLK-FreeRTOS.elf.dir/Drivers/STM32G0xx_HAL_Driver/Src/stm32g0xx_hal.c.obj
                0x08001428                HAL_GetTick
 .text.HAL_SYSCFG_StrobeDBattpinsConfig
                0x08001434       0x18 CMakeFiles/SLK-FreeRTOS.elf.dir/Drivers/STM32G0xx_HAL_Driver/Src/stm32g0xx_hal.c.obj
                0x08001434                HAL_SYSCFG_StrobeDBattpinsConfig
 .text.HAL_ADC_Init
                0x0800144c      0x244 CMakeFiles/SLK-FreeRTOS.elf.dir/Drivers/STM32G0xx_HAL_Driver/Src/stm32g0xx_hal_adc.c.obj
                0x0800144c                HAL_ADC_Init
 .text.HAL_ADC_ConvCpltCallback
                0x08001690        0x2 CMakeFiles/SLK-FreeRTOS.elf.dir/Drivers/STM32G0xx_HAL_Driver/Src/stm32g0xx_hal_adc.c.obj
                0x08001690                HAL_ADC_ConvCpltCallback
 .text.HAL_ADC_LevelOutOfWindowCallback
                0x08001692        0x2 CMakeFiles/SLK-FreeRTOS.elf.dir/Drivers/STM32G0xx_HAL_Driver/Src/stm32g0xx_hal_adc.c.obj
                0x08001692                HAL_ADC_LevelOutOfWindowCallback
 .text.HAL_ADC_ErrorCallback
                0x08001694        0x2 CMakeFiles/SLK-FreeRTOS.elf.dir/Drivers/STM32G0xx_HAL_Driver/Src/stm32g0xx_hal_adc.c.obj
                0x08001694                HAL_ADC_ErrorCallback
 *fill*         0x08001696        0x2 
 .text.HAL_ADC_IRQHandler
                0x08001698      0x158 CMakeFiles/SLK-FreeRTOS.elf.dir/Drivers/STM32G0xx_HAL_Driver/Src/stm32g0xx_hal_adc.c.obj
                0x08001698                HAL_ADC_IRQHandler
 .text.HAL_ADC_ConfigChannel
                0x080017f0      0x2a0 CMakeFiles/SLK-FreeRTOS.elf.dir/Drivers/STM32G0xx_HAL_Driver/Src/stm32g0xx_hal_adc.c.obj
                0x080017f0                HAL_ADC_ConfigChannel
 .text.HAL_ADCEx_LevelOutOfWindow2Callback
                0x08001a90        0x2 CMakeFiles/SLK-FreeRTOS.elf.dir/Drivers/STM32G0xx_HAL_Driver/Src/stm32g0xx_hal_adc_ex.c.obj
                0x08001a90                HAL_ADCEx_LevelOutOfWindow2Callback
 .text.HAL_ADCEx_LevelOutOfWindow3Callback
                0x08001a92        0x2 CMakeFiles/SLK-FreeRTOS.elf.dir/Drivers/STM32G0xx_HAL_Driver/Src/stm32g0xx_hal_adc_ex.c.obj
                0x08001a92                HAL_ADCEx_LevelOutOfWindow3Callback
 .text.HAL_ADCEx_EndOfSamplingCallback
                0x08001a94        0x2 CMakeFiles/SLK-FreeRTOS.elf.dir/Drivers/STM32G0xx_HAL_Driver/Src/stm32g0xx_hal_adc_ex.c.obj
                0x08001a94                HAL_ADCEx_EndOfSamplingCallback
 .text.HAL_ADCEx_ChannelConfigReadyCallback
                0x08001a96        0x2 CMakeFiles/SLK-FreeRTOS.elf.dir/Drivers/STM32G0xx_HAL_Driver/Src/stm32g0xx_hal_adc_ex.c.obj
                0x08001a96                HAL_ADCEx_ChannelConfigReadyCallback
 .text.HAL_NVIC_SetPriority
                0x08001a98       0x60 CMakeFiles/SLK-FreeRTOS.elf.dir/Drivers/STM32G0xx_HAL_Driver/Src/stm32g0xx_hal_cortex.c.obj
                0x08001a98                HAL_NVIC_SetPriority
 .text.HAL_NVIC_EnableIRQ
                0x08001af8       0x18 CMakeFiles/SLK-FreeRTOS.elf.dir/Drivers/STM32G0xx_HAL_Driver/Src/stm32g0xx_hal_cortex.c.obj
                0x08001af8                HAL_NVIC_EnableIRQ
 .text.DMA_CalcDMAMUXChannelBaseAndMask
                0x08001b10       0x38 CMakeFiles/SLK-FreeRTOS.elf.dir/Drivers/STM32G0xx_HAL_Driver/Src/stm32g0xx_hal_dma.c.obj
 .text.DMA_CalcDMAMUXRequestGenBaseAndMask
                0x08001b48       0x28 CMakeFiles/SLK-FreeRTOS.elf.dir/Drivers/STM32G0xx_HAL_Driver/Src/stm32g0xx_hal_dma.c.obj
 .text.HAL_DMA_Init
                0x08001b70       0xb0 CMakeFiles/SLK-FreeRTOS.elf.dir/Drivers/STM32G0xx_HAL_Driver/Src/stm32g0xx_hal_dma.c.obj
                0x08001b70                HAL_DMA_Init
 .text.HAL_DMA_Abort
                0x08001c20       0x80 CMakeFiles/SLK-FreeRTOS.elf.dir/Drivers/STM32G0xx_HAL_Driver/Src/stm32g0xx_hal_dma.c.obj
                0x08001c20                HAL_DMA_Abort
 .text.HAL_DMA_Abort_IT
                0x08001ca0       0x80 CMakeFiles/SLK-FreeRTOS.elf.dir/Drivers/STM32G0xx_HAL_Driver/Src/stm32g0xx_hal_dma.c.obj
                0x08001ca0                HAL_DMA_Abort_IT
 .text.HAL_DMA_IRQHandler
                0x08001d20       0xcc CMakeFiles/SLK-FreeRTOS.elf.dir/Drivers/STM32G0xx_HAL_Driver/Src/stm32g0xx_hal_dma.c.obj
                0x08001d20                HAL_DMA_IRQHandler
 .text.HAL_DMA_GetState
                0x08001dec        0x8 CMakeFiles/SLK-FreeRTOS.elf.dir/Drivers/STM32G0xx_HAL_Driver/Src/stm32g0xx_hal_dma.c.obj
                0x08001dec                HAL_DMA_GetState
 .text.HAL_GPIO_Init
                0x08001df4      0x178 CMakeFiles/SLK-FreeRTOS.elf.dir/Drivers/STM32G0xx_HAL_Driver/Src/stm32g0xx_hal_gpio.c.obj
                0x08001df4                HAL_GPIO_Init
 .text.HAL_GPIO_WritePin
                0x08001f6c        0xc CMakeFiles/SLK-FreeRTOS.elf.dir/Drivers/STM32G0xx_HAL_Driver/Src/stm32g0xx_hal_gpio.c.obj
                0x08001f6c                HAL_GPIO_WritePin
 .text.HAL_GPIO_TogglePin
                0x08001f78       0x10 CMakeFiles/SLK-FreeRTOS.elf.dir/Drivers/STM32G0xx_HAL_Driver/Src/stm32g0xx_hal_gpio.c.obj
                0x08001f78                HAL_GPIO_TogglePin
 .text.HAL_GPIO_EXTI_Rising_Callback
                0x08001f88        0x2 CMakeFiles/SLK-FreeRTOS.elf.dir/Drivers/STM32G0xx_HAL_Driver/Src/stm32g0xx_hal_gpio.c.obj
                0x08001f88                HAL_GPIO_EXTI_Rising_Callback
 .text.HAL_GPIO_EXTI_Falling_Callback
                0x08001f8a        0x2 CMakeFiles/SLK-FreeRTOS.elf.dir/Drivers/STM32G0xx_HAL_Driver/Src/stm32g0xx_hal_gpio.c.obj
                0x08001f8a                HAL_GPIO_EXTI_Falling_Callback
 .text.HAL_GPIO_EXTI_IRQHandler
                0x08001f8c       0x30 CMakeFiles/SLK-FreeRTOS.elf.dir/Drivers/STM32G0xx_HAL_Driver/Src/stm32g0xx_hal_gpio.c.obj
                0x08001f8c                HAL_GPIO_EXTI_IRQHandler
 .text.I2C_Flush_TXDR
                0x08001fbc       0x1e CMakeFiles/SLK-FreeRTOS.elf.dir/Drivers/STM32G0xx_HAL_Driver/Src/stm32g0xx_hal_i2c.c.obj
 .text.I2C_Disable_IRQ
                0x08001fda       0x6c CMakeFiles/SLK-FreeRTOS.elf.dir/Drivers/STM32G0xx_HAL_Driver/Src/stm32g0xx_hal_i2c.c.obj
 *fill*         0x08002046        0x2 
 .text.HAL_I2C_Init
                0x08002048       0xcc CMakeFiles/SLK-FreeRTOS.elf.dir/Drivers/STM32G0xx_HAL_Driver/Src/stm32g0xx_hal_i2c.c.obj
                0x08002048                HAL_I2C_Init
 .text.HAL_I2C_EV_IRQHandler
                0x08002114       0x12 CMakeFiles/SLK-FreeRTOS.elf.dir/Drivers/STM32G0xx_HAL_Driver/Src/stm32g0xx_hal_i2c.c.obj
                0x08002114                HAL_I2C_EV_IRQHandler
 .text.HAL_I2C_SlaveTxCpltCallback
                0x08002126        0x2 CMakeFiles/SLK-FreeRTOS.elf.dir/Drivers/STM32G0xx_HAL_Driver/Src/stm32g0xx_hal_i2c.c.obj
                0x08002126                HAL_I2C_SlaveTxCpltCallback
 .text.HAL_I2C_SlaveRxCpltCallback
                0x08002128        0x2 CMakeFiles/SLK-FreeRTOS.elf.dir/Drivers/STM32G0xx_HAL_Driver/Src/stm32g0xx_hal_i2c.c.obj
                0x08002128                HAL_I2C_SlaveRxCpltCallback
 *fill*         0x0800212a        0x2 
 .text.I2C_ITSlaveSeqCplt
                0x0800212c       0x84 CMakeFiles/SLK-FreeRTOS.elf.dir/Drivers/STM32G0xx_HAL_Driver/Src/stm32g0xx_hal_i2c.c.obj
 .text.HAL_I2C_AddrCallback
                0x080021b0        0x2 CMakeFiles/SLK-FreeRTOS.elf.dir/Drivers/STM32G0xx_HAL_Driver/Src/stm32g0xx_hal_i2c.c.obj
                0x080021b0                HAL_I2C_AddrCallback
 .text.I2C_ITAddrCplt
                0x080021b2       0xa4 CMakeFiles/SLK-FreeRTOS.elf.dir/Drivers/STM32G0xx_HAL_Driver/Src/stm32g0xx_hal_i2c.c.obj
 .text.HAL_I2C_ListenCpltCallback
                0x08002256        0x2 CMakeFiles/SLK-FreeRTOS.elf.dir/Drivers/STM32G0xx_HAL_Driver/Src/stm32g0xx_hal_i2c.c.obj
                0x08002256                HAL_I2C_ListenCpltCallback
 .text.I2C_ITListenCplt
                0x08002258       0x68 CMakeFiles/SLK-FreeRTOS.elf.dir/Drivers/STM32G0xx_HAL_Driver/Src/stm32g0xx_hal_i2c.c.obj
 .text.HAL_I2C_ErrorCallback
                0x080022c0        0x2 CMakeFiles/SLK-FreeRTOS.elf.dir/Drivers/STM32G0xx_HAL_Driver/Src/stm32g0xx_hal_i2c.c.obj
                0x080022c0                HAL_I2C_ErrorCallback
 .text.HAL_I2C_AbortCpltCallback
                0x080022c2        0x2 CMakeFiles/SLK-FreeRTOS.elf.dir/Drivers/STM32G0xx_HAL_Driver/Src/stm32g0xx_hal_i2c.c.obj
                0x080022c2                HAL_I2C_AbortCpltCallback
 .text.I2C_TreatErrorCallback
                0x080022c4       0x2c CMakeFiles/SLK-FreeRTOS.elf.dir/Drivers/STM32G0xx_HAL_Driver/Src/stm32g0xx_hal_i2c.c.obj
 .text.I2C_ITError
                0x080022f0      0x110 CMakeFiles/SLK-FreeRTOS.elf.dir/Drivers/STM32G0xx_HAL_Driver/Src/stm32g0xx_hal_i2c.c.obj
 .text.I2C_ITSlaveCplt
                0x08002400      0x168 CMakeFiles/SLK-FreeRTOS.elf.dir/Drivers/STM32G0xx_HAL_Driver/Src/stm32g0xx_hal_i2c.c.obj
 .text.I2C_Slave_ISR_IT
                0x08002568      0x14c CMakeFiles/SLK-FreeRTOS.elf.dir/Drivers/STM32G0xx_HAL_Driver/Src/stm32g0xx_hal_i2c.c.obj
 .text.HAL_I2C_ER_IRQHandler
                0x080026b4       0x5e CMakeFiles/SLK-FreeRTOS.elf.dir/Drivers/STM32G0xx_HAL_Driver/Src/stm32g0xx_hal_i2c.c.obj
                0x080026b4                HAL_I2C_ER_IRQHandler
 .text.I2C_DMAAbort
                0x08002712       0x1e CMakeFiles/SLK-FreeRTOS.elf.dir/Drivers/STM32G0xx_HAL_Driver/Src/stm32g0xx_hal_i2c.c.obj
 .text.HAL_I2CEx_ConfigAnalogFilter
                0x08002730       0x58 CMakeFiles/SLK-FreeRTOS.elf.dir/Drivers/STM32G0xx_HAL_Driver/Src/stm32g0xx_hal_i2c_ex.c.obj
                0x08002730                HAL_I2CEx_ConfigAnalogFilter
 .text.HAL_I2CEx_ConfigDigitalFilter
                0x08002788       0x54 CMakeFiles/SLK-FreeRTOS.elf.dir/Drivers/STM32G0xx_HAL_Driver/Src/stm32g0xx_hal_i2c_ex.c.obj
                0x08002788                HAL_I2CEx_ConfigDigitalFilter
 .text.HAL_PWREx_ControlVoltageScaling
                0x080027dc       0x54 CMakeFiles/SLK-FreeRTOS.elf.dir/Drivers/STM32G0xx_HAL_Driver/Src/stm32g0xx_hal_pwr_ex.c.obj
                0x080027dc                HAL_PWREx_ControlVoltageScaling
 .text.HAL_RCC_OscConfig
                0x08002830      0x4a4 CMakeFiles/SLK-FreeRTOS.elf.dir/Drivers/STM32G0xx_HAL_Driver/Src/stm32g0xx_hal_rcc.c.obj
                0x08002830                HAL_RCC_OscConfig
 .text.HAL_RCC_GetSysClockFreq
                0x08002cd4       0xb4 CMakeFiles/SLK-FreeRTOS.elf.dir/Drivers/STM32G0xx_HAL_Driver/Src/stm32g0xx_hal_rcc.c.obj
                0x08002cd4                HAL_RCC_GetSysClockFreq
 .text.HAL_RCC_ClockConfig
                0x08002d88      0x18c CMakeFiles/SLK-FreeRTOS.elf.dir/Drivers/STM32G0xx_HAL_Driver/Src/stm32g0xx_hal_rcc.c.obj
                0x08002d88                HAL_RCC_ClockConfig
 .text.HAL_RCC_GetHCLKFreq
                0x08002f14        0xc CMakeFiles/SLK-FreeRTOS.elf.dir/Drivers/STM32G0xx_HAL_Driver/Src/stm32g0xx_hal_rcc.c.obj
                0x08002f14                HAL_RCC_GetHCLKFreq
 .text.HAL_RCC_GetPCLK1Freq
                0x08002f20       0x28 CMakeFiles/SLK-FreeRTOS.elf.dir/Drivers/STM32G0xx_HAL_Driver/Src/stm32g0xx_hal_rcc.c.obj
                0x08002f20                HAL_RCC_GetPCLK1Freq
 .text.HAL_RCC_GetClockConfig
                0x08002f48       0x34 CMakeFiles/SLK-FreeRTOS.elf.dir/Drivers/STM32G0xx_HAL_Driver/Src/stm32g0xx_hal_rcc.c.obj
                0x08002f48                HAL_RCC_GetClockConfig
 .text.HAL_RCCEx_PeriphCLKConfig
                0x08002f7c      0x190 CMakeFiles/SLK-FreeRTOS.elf.dir/Drivers/STM32G0xx_HAL_Driver/Src/stm32g0xx_hal_rcc_ex.c.obj
                0x08002f7c                HAL_RCCEx_PeriphCLKConfig
 .text.SPI_WaitFlagStateUntilTimeout
                0x0800310c       0xe8 CMakeFiles/SLK-FreeRTOS.elf.dir/Drivers/STM32G0xx_HAL_Driver/Src/stm32g0xx_hal_spi.c.obj
 .text.SPI_WaitFifoStateUntilTimeout
                0x080031f4      0x114 CMakeFiles/SLK-FreeRTOS.elf.dir/Drivers/STM32G0xx_HAL_Driver/Src/stm32g0xx_hal_spi.c.obj
 .text.SPI_EndRxTxTransaction
                0x08003308       0x68 CMakeFiles/SLK-FreeRTOS.elf.dir/Drivers/STM32G0xx_HAL_Driver/Src/stm32g0xx_hal_spi.c.obj
 .text.HAL_SPI_Init
                0x08003370      0x104 CMakeFiles/SLK-FreeRTOS.elf.dir/Drivers/STM32G0xx_HAL_Driver/Src/stm32g0xx_hal_spi.c.obj
                0x08003370                HAL_SPI_Init
 .text.HAL_SPI_Transmit
                0x08003474      0x1b2 CMakeFiles/SLK-FreeRTOS.elf.dir/Drivers/STM32G0xx_HAL_Driver/Src/stm32g0xx_hal_spi.c.obj
                0x08003474                HAL_SPI_Transmit
 *fill*         0x08003626        0x2 
 .text.TIM_OC1_SetConfig
                0x08003628       0x8c CMakeFiles/SLK-FreeRTOS.elf.dir/Drivers/STM32G0xx_HAL_Driver/Src/stm32g0xx_hal_tim.c.obj
 .text.TIM_OC3_SetConfig
                0x080036b4       0x94 CMakeFiles/SLK-FreeRTOS.elf.dir/Drivers/STM32G0xx_HAL_Driver/Src/stm32g0xx_hal_tim.c.obj
 .text.TIM_OC4_SetConfig
                0x08003748       0x74 CMakeFiles/SLK-FreeRTOS.elf.dir/Drivers/STM32G0xx_HAL_Driver/Src/stm32g0xx_hal_tim.c.obj
 .text.TIM_OC5_SetConfig
                0x080037bc       0x6c CMakeFiles/SLK-FreeRTOS.elf.dir/Drivers/STM32G0xx_HAL_Driver/Src/stm32g0xx_hal_tim.c.obj
 .text.TIM_OC6_SetConfig
                0x08003828       0x74 CMakeFiles/SLK-FreeRTOS.elf.dir/Drivers/STM32G0xx_HAL_Driver/Src/stm32g0xx_hal_tim.c.obj
 .text.HAL_TIM_Base_Start_IT
                0x0800389c       0x70 CMakeFiles/SLK-FreeRTOS.elf.dir/Drivers/STM32G0xx_HAL_Driver/Src/stm32g0xx_hal_tim.c.obj
                0x0800389c                HAL_TIM_Base_Start_IT
 .text.HAL_TIM_OC_DelayElapsedCallback
                0x0800390c        0x2 CMakeFiles/SLK-FreeRTOS.elf.dir/Drivers/STM32G0xx_HAL_Driver/Src/stm32g0xx_hal_tim.c.obj
                0x0800390c                HAL_TIM_OC_DelayElapsedCallback
 .text.HAL_TIM_IC_CaptureCallback
                0x0800390e        0x2 CMakeFiles/SLK-FreeRTOS.elf.dir/Drivers/STM32G0xx_HAL_Driver/Src/stm32g0xx_hal_tim.c.obj
                0x0800390e                HAL_TIM_IC_CaptureCallback
 .text.HAL_TIM_PWM_PulseFinishedCallback
                0x08003910        0x2 CMakeFiles/SLK-FreeRTOS.elf.dir/Drivers/STM32G0xx_HAL_Driver/Src/stm32g0xx_hal_tim.c.obj
                0x08003910                HAL_TIM_PWM_PulseFinishedCallback
 .text.HAL_TIM_TriggerCallback
                0x08003912        0x2 CMakeFiles/SLK-FreeRTOS.elf.dir/Drivers/STM32G0xx_HAL_Driver/Src/stm32g0xx_hal_tim.c.obj
                0x08003912                HAL_TIM_TriggerCallback
 .text.HAL_TIM_IRQHandler
                0x08003914      0x178 CMakeFiles/SLK-FreeRTOS.elf.dir/Drivers/STM32G0xx_HAL_Driver/Src/stm32g0xx_hal_tim.c.obj
                0x08003914                HAL_TIM_IRQHandler
 .text.TIM_Base_SetConfig
                0x08003a8c       0x94 CMakeFiles/SLK-FreeRTOS.elf.dir/Drivers/STM32G0xx_HAL_Driver/Src/stm32g0xx_hal_tim.c.obj
                0x08003a8c                TIM_Base_SetConfig
 .text.HAL_TIM_Base_Init
                0x08003b20       0x60 CMakeFiles/SLK-FreeRTOS.elf.dir/Drivers/STM32G0xx_HAL_Driver/Src/stm32g0xx_hal_tim.c.obj
                0x08003b20                HAL_TIM_Base_Init
 .text.HAL_TIM_PWM_Init
                0x08003b80       0x60 CMakeFiles/SLK-FreeRTOS.elf.dir/Drivers/STM32G0xx_HAL_Driver/Src/stm32g0xx_hal_tim.c.obj
                0x08003b80                HAL_TIM_PWM_Init
 .text.TIM_OC2_SetConfig
                0x08003be0       0x88 CMakeFiles/SLK-FreeRTOS.elf.dir/Drivers/STM32G0xx_HAL_Driver/Src/stm32g0xx_hal_tim.c.obj
                0x08003be0                TIM_OC2_SetConfig
 .text.HAL_TIM_PWM_ConfigChannel
                0x08003c68      0x144 CMakeFiles/SLK-FreeRTOS.elf.dir/Drivers/STM32G0xx_HAL_Driver/Src/stm32g0xx_hal_tim.c.obj
                0x08003c68                HAL_TIM_PWM_ConfigChannel
 .text.HAL_TIMEx_MasterConfigSynchronization
                0x08003dac       0x78 CMakeFiles/SLK-FreeRTOS.elf.dir/Drivers/STM32G0xx_HAL_Driver/Src/stm32g0xx_hal_tim_ex.c.obj
                0x08003dac                HAL_TIMEx_MasterConfigSynchronization
 .text.HAL_TIMEx_ConfigBreakDeadTime
                0x08003e24       0xcc CMakeFiles/SLK-FreeRTOS.elf.dir/Drivers/STM32G0xx_HAL_Driver/Src/stm32g0xx_hal_tim_ex.c.obj
                0x08003e24                HAL_TIMEx_ConfigBreakDeadTime
 .text.HAL_TIMEx_CommutCallback
                0x08003ef0        0x2 CMakeFiles/SLK-FreeRTOS.elf.dir/Drivers/STM32G0xx_HAL_Driver/Src/stm32g0xx_hal_tim_ex.c.obj
                0x08003ef0                HAL_TIMEx_CommutCallback
 .text.HAL_TIMEx_BreakCallback
                0x08003ef2        0x2 CMakeFiles/SLK-FreeRTOS.elf.dir/Drivers/STM32G0xx_HAL_Driver/Src/stm32g0xx_hal_tim_ex.c.obj
                0x08003ef2                HAL_TIMEx_BreakCallback
 .text.HAL_TIMEx_Break2Callback
                0x08003ef4        0x2 CMakeFiles/SLK-FreeRTOS.elf.dir/Drivers/STM32G0xx_HAL_Driver/Src/stm32g0xx_hal_tim_ex.c.obj
                0x08003ef4                HAL_TIMEx_Break2Callback
 *fill*         0x08003ef6        0x2 
 .text.UART_EndRxTransfer
                0x08003ef8       0x64 CMakeFiles/SLK-FreeRTOS.elf.dir/Drivers/STM32G0xx_HAL_Driver/Src/stm32g0xx_hal_uart.c.obj
 .text.HAL_UART_TxCpltCallback
                0x08003f5c        0x2 CMakeFiles/SLK-FreeRTOS.elf.dir/Drivers/STM32G0xx_HAL_Driver/Src/stm32g0xx_hal_uart.c.obj
                0x08003f5c                HAL_UART_TxCpltCallback
 .text.UART_EndTransmit_IT
                0x08003f5e       0x2a CMakeFiles/SLK-FreeRTOS.elf.dir/Drivers/STM32G0xx_HAL_Driver/Src/stm32g0xx_hal_uart.c.obj
 .text.HAL_UART_ErrorCallback
                0x08003f88        0x2 CMakeFiles/SLK-FreeRTOS.elf.dir/Drivers/STM32G0xx_HAL_Driver/Src/stm32g0xx_hal_uart.c.obj
                0x08003f88                HAL_UART_ErrorCallback
 .text.UART_DMAAbortOnError
                0x08003f8a       0x14 CMakeFiles/SLK-FreeRTOS.elf.dir/Drivers/STM32G0xx_HAL_Driver/Src/stm32g0xx_hal_uart.c.obj
 .text.HAL_UARTEx_RxEventCallback
                0x08003f9e        0x2 CMakeFiles/SLK-FreeRTOS.elf.dir/Drivers/STM32G0xx_HAL_Driver/Src/stm32g0xx_hal_uart.c.obj
                0x08003f9e                HAL_UARTEx_RxEventCallback
 .text.HAL_UART_IRQHandler
                0x08003fa0      0x320 CMakeFiles/SLK-FreeRTOS.elf.dir/Drivers/STM32G0xx_HAL_Driver/Src/stm32g0xx_hal_uart.c.obj
                0x08003fa0                HAL_UART_IRQHandler
 .text.UART_SetConfig
                0x080042c0      0x1f0 CMakeFiles/SLK-FreeRTOS.elf.dir/Drivers/STM32G0xx_HAL_Driver/Src/stm32g0xx_hal_uart.c.obj
                0x080042c0                UART_SetConfig
 .text.UART_AdvFeatureConfig
                0x080044b0       0xe0 CMakeFiles/SLK-FreeRTOS.elf.dir/Drivers/STM32G0xx_HAL_Driver/Src/stm32g0xx_hal_uart.c.obj
                0x080044b0                UART_AdvFeatureConfig
 .text.UART_WaitOnFlagUntilTimeout
                0x08004590       0xe4 CMakeFiles/SLK-FreeRTOS.elf.dir/Drivers/STM32G0xx_HAL_Driver/Src/stm32g0xx_hal_uart.c.obj
                0x08004590                UART_WaitOnFlagUntilTimeout
 .text.UART_CheckIdleState
                0x08004674       0x74 CMakeFiles/SLK-FreeRTOS.elf.dir/Drivers/STM32G0xx_HAL_Driver/Src/stm32g0xx_hal_uart.c.obj
                0x08004674                UART_CheckIdleState
 .text.HAL_UART_Init
                0x080046e8       0x70 CMakeFiles/SLK-FreeRTOS.elf.dir/Drivers/STM32G0xx_HAL_Driver/Src/stm32g0xx_hal_uart.c.obj
                0x080046e8                HAL_UART_Init
 .text.UARTEx_SetNbDataToProcess
                0x08004758       0x50 CMakeFiles/SLK-FreeRTOS.elf.dir/Drivers/STM32G0xx_HAL_Driver/Src/stm32g0xx_hal_uart_ex.c.obj
 .text.HAL_UARTEx_WakeupCallback
                0x080047a8        0x2 CMakeFiles/SLK-FreeRTOS.elf.dir/Drivers/STM32G0xx_HAL_Driver/Src/stm32g0xx_hal_uart_ex.c.obj
                0x080047a8                HAL_UARTEx_WakeupCallback
 .text.HAL_UARTEx_RxFifoFullCallback
                0x080047aa        0x2 CMakeFiles/SLK-FreeRTOS.elf.dir/Drivers/STM32G0xx_HAL_Driver/Src/stm32g0xx_hal_uart_ex.c.obj
                0x080047aa                HAL_UARTEx_RxFifoFullCallback
 .text.HAL_UARTEx_TxFifoEmptyCallback
                0x080047ac        0x2 CMakeFiles/SLK-FreeRTOS.elf.dir/Drivers/STM32G0xx_HAL_Driver/Src/stm32g0xx_hal_uart_ex.c.obj
                0x080047ac                HAL_UARTEx_TxFifoEmptyCallback
 *fill*         0x080047ae        0x2 
 .text.HAL_UARTEx_DisableFifoMode
                0x080047b0       0x40 CMakeFiles/SLK-FreeRTOS.elf.dir/Drivers/STM32G0xx_HAL_Driver/Src/stm32g0xx_hal_uart_ex.c.obj
                0x080047b0                HAL_UARTEx_DisableFifoMode
 .text.HAL_UARTEx_SetTxFifoThreshold
                0x080047f0       0x4a CMakeFiles/SLK-FreeRTOS.elf.dir/Drivers/STM32G0xx_HAL_Driver/Src/stm32g0xx_hal_uart_ex.c.obj
                0x080047f0                HAL_UARTEx_SetTxFifoThreshold
 *fill*         0x0800483a        0x2 
 .text.HAL_UARTEx_SetRxFifoThreshold
                0x0800483c       0x50 CMakeFiles/SLK-FreeRTOS.elf.dir/Drivers/STM32G0xx_HAL_Driver/Src/stm32g0xx_hal_uart_ex.c.obj
                0x0800483c                HAL_UARTEx_SetRxFifoThreshold
 .text.TMC5130_Write
                0x0800488c       0x48 CMakeFiles/SLK-FreeRTOS.elf.dir/Hardware/Src/tmc5130.c.obj
                0x0800488c                TMC5130_Write
 .text.TMC5130_Init
                0x080048d4       0xb8 CMakeFiles/SLK-FreeRTOS.elf.dir/Hardware/Src/tmc5130.c.obj
                0x080048d4                TMC5130_Init
 .text.SysTick_Handler
                0x0800498c       0x1c CMakeFiles/SLK-FreeRTOS.elf.dir/Middlewares/Third_Party/FreeRTOS/Source/CMSIS_RTOS_V2/cmsis_os2.c.obj
                0x0800498c                SysTick_Handler
 .text.osKernelInitialize
                0x080049a8       0x28 CMakeFiles/SLK-FreeRTOS.elf.dir/Middlewares/Third_Party/FreeRTOS/Source/CMSIS_RTOS_V2/cmsis_os2.c.obj
                0x080049a8                osKernelInitialize
 .text.osKernelStart
                0x080049d0       0x40 CMakeFiles/SLK-FreeRTOS.elf.dir/Middlewares/Third_Party/FreeRTOS/Source/CMSIS_RTOS_V2/cmsis_os2.c.obj
                0x080049d0                osKernelStart
 .text.osThreadNew
                0x08004a10       0xd2 CMakeFiles/SLK-FreeRTOS.elf.dir/Middlewares/Third_Party/FreeRTOS/Source/CMSIS_RTOS_V2/cmsis_os2.c.obj
                0x08004a10                osThreadNew
 *fill*         0x08004ae2        0x2 
 .text.vApplicationGetIdleTaskMemory
                0x08004ae4       0x18 CMakeFiles/SLK-FreeRTOS.elf.dir/Middlewares/Third_Party/FreeRTOS/Source/CMSIS_RTOS_V2/cmsis_os2.c.obj
                0x08004ae4                vApplicationGetIdleTaskMemory
 .text.vApplicationGetTimerTaskMemory
                0x08004afc       0x18 CMakeFiles/SLK-FreeRTOS.elf.dir/Middlewares/Third_Party/FreeRTOS/Source/CMSIS_RTOS_V2/cmsis_os2.c.obj
                0x08004afc                vApplicationGetTimerTaskMemory
 .text.vListInitialise
                0x08004b14       0x16 CMakeFiles/SLK-FreeRTOS.elf.dir/Middlewares/Third_Party/FreeRTOS/Source/list.c.obj
                0x08004b14                vListInitialise
 .text.vListInitialiseItem
                0x08004b2a        0x6 CMakeFiles/SLK-FreeRTOS.elf.dir/Middlewares/Third_Party/FreeRTOS/Source/list.c.obj
                0x08004b2a                vListInitialiseItem
 .text.vListInsertEnd
                0x08004b30       0x16 CMakeFiles/SLK-FreeRTOS.elf.dir/Middlewares/Third_Party/FreeRTOS/Source/list.c.obj
                0x08004b30                vListInsertEnd
 .text.vListInsert
                0x08004b46       0x2e CMakeFiles/SLK-FreeRTOS.elf.dir/Middlewares/Third_Party/FreeRTOS/Source/list.c.obj
                0x08004b46                vListInsert
 .text.uxListRemove
                0x08004b74       0x26 CMakeFiles/SLK-FreeRTOS.elf.dir/Middlewares/Third_Party/FreeRTOS/Source/list.c.obj
                0x08004b74                uxListRemove
 *fill*         0x08004b9a        0x2 
 .text.prvTaskExitError
                0x08004b9c       0x24 CMakeFiles/SLK-FreeRTOS.elf.dir/Middlewares/Third_Party/FreeRTOS/Source/portable/GCC/ARM_CM0/port.c.obj
 .text.vPortStartFirstTask
                0x08004bc0       0x34 CMakeFiles/SLK-FreeRTOS.elf.dir/Middlewares/Third_Party/FreeRTOS/Source/portable/GCC/ARM_CM0/port.c.obj
 .text.pxPortInitialiseStack
                0x08004bf4       0x20 CMakeFiles/SLK-FreeRTOS.elf.dir/Middlewares/Third_Party/FreeRTOS/Source/portable/GCC/ARM_CM0/port.c.obj
                0x08004bf4                pxPortInitialiseStack
 .text.SVC_Handler
                0x08004c14        0x2 CMakeFiles/SLK-FreeRTOS.elf.dir/Middlewares/Third_Party/FreeRTOS/Source/portable/GCC/ARM_CM0/port.c.obj
                0x08004c14                SVC_Handler
 *fill*         0x08004c16        0x2 
 .text.vPortYield
                0x08004c18       0x18 CMakeFiles/SLK-FreeRTOS.elf.dir/Middlewares/Third_Party/FreeRTOS/Source/portable/GCC/ARM_CM0/port.c.obj
                0x08004c18                vPortYield
 .text.vPortEnterCritical
                0x08004c30       0x18 CMakeFiles/SLK-FreeRTOS.elf.dir/Middlewares/Third_Party/FreeRTOS/Source/portable/GCC/ARM_CM0/port.c.obj
                0x08004c30                vPortEnterCritical
 .text.vPortExitCritical
                0x08004c48       0x20 CMakeFiles/SLK-FreeRTOS.elf.dir/Middlewares/Third_Party/FreeRTOS/Source/portable/GCC/ARM_CM0/port.c.obj
                0x08004c48                vPortExitCritical
 .text.ulSetInterruptMaskFromISR
                0x08004c68        0x8 CMakeFiles/SLK-FreeRTOS.elf.dir/Middlewares/Third_Party/FreeRTOS/Source/portable/GCC/ARM_CM0/port.c.obj
                0x08004c68                ulSetInterruptMaskFromISR
 .text.vClearInterruptMaskFromISR
                0x08004c70        0x6 CMakeFiles/SLK-FreeRTOS.elf.dir/Middlewares/Third_Party/FreeRTOS/Source/portable/GCC/ARM_CM0/port.c.obj
                0x08004c70                vClearInterruptMaskFromISR
 *fill*         0x08004c76        0xa 
 .text.PendSV_Handler
                0x08004c80       0x44 CMakeFiles/SLK-FreeRTOS.elf.dir/Middlewares/Third_Party/FreeRTOS/Source/portable/GCC/ARM_CM0/port.c.obj
                0x08004c80                PendSV_Handler
 .text.xPortSysTickHandler
                0x08004cc4       0x24 CMakeFiles/SLK-FreeRTOS.elf.dir/Middlewares/Third_Party/FreeRTOS/Source/portable/GCC/ARM_CM0/port.c.obj
                0x08004cc4                xPortSysTickHandler
 .text.vPortSetupTimerInterrupt
                0x08004ce8       0x34 CMakeFiles/SLK-FreeRTOS.elf.dir/Middlewares/Third_Party/FreeRTOS/Source/portable/GCC/ARM_CM0/port.c.obj
                0x08004ce8                vPortSetupTimerInterrupt
 .text.xPortStartScheduler
                0x08004d1c       0x3c CMakeFiles/SLK-FreeRTOS.elf.dir/Middlewares/Third_Party/FreeRTOS/Source/portable/GCC/ARM_CM0/port.c.obj
                0x08004d1c                xPortStartScheduler
 .text.prvHeapInit
                0x08004d58       0x64 CMakeFiles/SLK-FreeRTOS.elf.dir/Middlewares/Third_Party/FreeRTOS/Source/portable/MemMang/heap_4.c.obj
 .text.prvInsertBlockIntoFreeList
                0x08004dbc       0x54 CMakeFiles/SLK-FreeRTOS.elf.dir/Middlewares/Third_Party/FreeRTOS/Source/portable/MemMang/heap_4.c.obj
 .text.pvPortMalloc
                0x08004e10       0xdc CMakeFiles/SLK-FreeRTOS.elf.dir/Middlewares/Third_Party/FreeRTOS/Source/portable/MemMang/heap_4.c.obj
                0x08004e10                pvPortMalloc
 .text.vPortFree
                0x08004eec       0x60 CMakeFiles/SLK-FreeRTOS.elf.dir/Middlewares/Third_Party/FreeRTOS/Source/portable/MemMang/heap_4.c.obj
                0x08004eec                vPortFree
 .text.prvIsQueueFull
                0x08004f4c       0x1e CMakeFiles/SLK-FreeRTOS.elf.dir/Middlewares/Third_Party/FreeRTOS/Source/queue.c.obj
 .text.prvIsQueueEmpty
                0x08004f6a       0x1c CMakeFiles/SLK-FreeRTOS.elf.dir/Middlewares/Third_Party/FreeRTOS/Source/queue.c.obj
 .text.prvCopyDataToQueue
                0x08004f86       0x82 CMakeFiles/SLK-FreeRTOS.elf.dir/Middlewares/Third_Party/FreeRTOS/Source/queue.c.obj
 .text.prvCopyDataFromQueue
                0x08005008       0x24 CMakeFiles/SLK-FreeRTOS.elf.dir/Middlewares/Third_Party/FreeRTOS/Source/queue.c.obj
 .text.prvUnlockQueue
                0x0800502c       0x72 CMakeFiles/SLK-FreeRTOS.elf.dir/Middlewares/Third_Party/FreeRTOS/Source/queue.c.obj
 .text.xQueueGenericReset
                0x0800509e       0x6e CMakeFiles/SLK-FreeRTOS.elf.dir/Middlewares/Third_Party/FreeRTOS/Source/queue.c.obj
                0x0800509e                xQueueGenericReset
 .text.prvInitialiseNewQueue
                0x0800510c       0x22 CMakeFiles/SLK-FreeRTOS.elf.dir/Middlewares/Third_Party/FreeRTOS/Source/queue.c.obj
 .text.xQueueGenericCreateStatic
                0x0800512e       0x54 CMakeFiles/SLK-FreeRTOS.elf.dir/Middlewares/Third_Party/FreeRTOS/Source/queue.c.obj
                0x0800512e                xQueueGenericCreateStatic
 .text.xQueueGenericSend
                0x08005182      0x128 CMakeFiles/SLK-FreeRTOS.elf.dir/Middlewares/Third_Party/FreeRTOS/Source/queue.c.obj
                0x08005182                xQueueGenericSend
 .text.xQueueGenericSendFromISR
                0x080052aa       0xac CMakeFiles/SLK-FreeRTOS.elf.dir/Middlewares/Third_Party/FreeRTOS/Source/queue.c.obj
                0x080052aa                xQueueGenericSendFromISR
 .text.xQueueReceive
                0x08005356      0x116 CMakeFiles/SLK-FreeRTOS.elf.dir/Middlewares/Third_Party/FreeRTOS/Source/queue.c.obj
                0x08005356                xQueueReceive
 .text.vQueueAddToRegistry
                0x0800546c       0x24 CMakeFiles/SLK-FreeRTOS.elf.dir/Middlewares/Third_Party/FreeRTOS/Source/queue.c.obj
                0x0800546c                vQueueAddToRegistry
 .text.vQueueWaitForMessageRestricted
                0x08005490       0x50 CMakeFiles/SLK-FreeRTOS.elf.dir/Middlewares/Third_Party/FreeRTOS/Source/queue.c.obj
                0x08005490                vQueueWaitForMessageRestricted
 .text.prvResetNextTaskUnblockTime
                0x080054e0       0x2c CMakeFiles/SLK-FreeRTOS.elf.dir/Middlewares/Third_Party/FreeRTOS/Source/tasks.c.obj
 .text.prvInitialiseNewTask
                0x0800550c       0xac CMakeFiles/SLK-FreeRTOS.elf.dir/Middlewares/Third_Party/FreeRTOS/Source/tasks.c.obj
 .text.prvInitialiseTaskLists
                0x080055b8       0x68 CMakeFiles/SLK-FreeRTOS.elf.dir/Middlewares/Third_Party/FreeRTOS/Source/tasks.c.obj
 .text.prvAddNewTaskToReadyList
                0x08005620       0xa4 CMakeFiles/SLK-FreeRTOS.elf.dir/Middlewares/Third_Party/FreeRTOS/Source/tasks.c.obj
 .text.prvDeleteTCB
                0x080056c4       0x2c CMakeFiles/SLK-FreeRTOS.elf.dir/Middlewares/Third_Party/FreeRTOS/Source/tasks.c.obj
 .text.prvCheckTasksWaitingTermination
                0x080056f0       0x44 CMakeFiles/SLK-FreeRTOS.elf.dir/Middlewares/Third_Party/FreeRTOS/Source/tasks.c.obj
 .text.prvIdleTask
                0x08005734       0x18 CMakeFiles/SLK-FreeRTOS.elf.dir/Middlewares/Third_Party/FreeRTOS/Source/tasks.c.obj
 .text.prvAddCurrentTaskToDelayedList
                0x0800574c       0x7c CMakeFiles/SLK-FreeRTOS.elf.dir/Middlewares/Third_Party/FreeRTOS/Source/tasks.c.obj
 .text.xTaskCreateStatic
                0x080057c8       0x54 CMakeFiles/SLK-FreeRTOS.elf.dir/Middlewares/Third_Party/FreeRTOS/Source/tasks.c.obj
                0x080057c8                xTaskCreateStatic
 .text.xTaskCreate
                0x0800581c       0x64 CMakeFiles/SLK-FreeRTOS.elf.dir/Middlewares/Third_Party/FreeRTOS/Source/tasks.c.obj
                0x0800581c                xTaskCreate
 .text.vTaskStartScheduler
                0x08005880       0x80 CMakeFiles/SLK-FreeRTOS.elf.dir/Middlewares/Third_Party/FreeRTOS/Source/tasks.c.obj
                0x08005880                vTaskStartScheduler
 .text.vTaskSuspendAll
                0x08005900       0x10 CMakeFiles/SLK-FreeRTOS.elf.dir/Middlewares/Third_Party/FreeRTOS/Source/tasks.c.obj
                0x08005900                vTaskSuspendAll
 .text.xTaskGetTickCount
                0x08005910        0xc CMakeFiles/SLK-FreeRTOS.elf.dir/Middlewares/Third_Party/FreeRTOS/Source/tasks.c.obj
                0x08005910                xTaskGetTickCount
 .text.xTaskIncrementTick
                0x0800591c      0x114 CMakeFiles/SLK-FreeRTOS.elf.dir/Middlewares/Third_Party/FreeRTOS/Source/tasks.c.obj
                0x0800591c                xTaskIncrementTick
 .text.xTaskResumeAll
                0x08005a30       0xe8 CMakeFiles/SLK-FreeRTOS.elf.dir/Middlewares/Third_Party/FreeRTOS/Source/tasks.c.obj
                0x08005a30                xTaskResumeAll
 .text.vTaskDelay
                0x08005b18       0x30 CMakeFiles/SLK-FreeRTOS.elf.dir/Middlewares/Third_Party/FreeRTOS/Source/tasks.c.obj
                0x08005b18                vTaskDelay
 .text.vTaskSwitchContext
                0x08005b48       0x88 CMakeFiles/SLK-FreeRTOS.elf.dir/Middlewares/Third_Party/FreeRTOS/Source/tasks.c.obj
                0x08005b48                vTaskSwitchContext
 .text.vTaskPlaceOnEventList
                0x08005bd0       0x24 CMakeFiles/SLK-FreeRTOS.elf.dir/Middlewares/Third_Party/FreeRTOS/Source/tasks.c.obj
                0x08005bd0                vTaskPlaceOnEventList
 .text.vTaskPlaceOnEventListRestricted
                0x08005bf4       0x30 CMakeFiles/SLK-FreeRTOS.elf.dir/Middlewares/Third_Party/FreeRTOS/Source/tasks.c.obj
                0x08005bf4                vTaskPlaceOnEventListRestricted
 .text.xTaskRemoveFromEventList
                0x08005c24       0x84 CMakeFiles/SLK-FreeRTOS.elf.dir/Middlewares/Third_Party/FreeRTOS/Source/tasks.c.obj
                0x08005c24                xTaskRemoveFromEventList
 .text.vTaskInternalSetTimeOutState
                0x08005ca8       0x18 CMakeFiles/SLK-FreeRTOS.elf.dir/Middlewares/Third_Party/FreeRTOS/Source/tasks.c.obj
                0x08005ca8                vTaskInternalSetTimeOutState
 .text.xTaskCheckForTimeOut
                0x08005cc0       0x68 CMakeFiles/SLK-FreeRTOS.elf.dir/Middlewares/Third_Party/FreeRTOS/Source/tasks.c.obj
                0x08005cc0                xTaskCheckForTimeOut
 .text.vTaskMissedYield
                0x08005d28        0xc CMakeFiles/SLK-FreeRTOS.elf.dir/Middlewares/Third_Party/FreeRTOS/Source/tasks.c.obj
                0x08005d28                vTaskMissedYield
 .text.xTaskGetSchedulerState
                0x08005d34       0x24 CMakeFiles/SLK-FreeRTOS.elf.dir/Middlewares/Third_Party/FreeRTOS/Source/tasks.c.obj
                0x08005d34                xTaskGetSchedulerState
 .text.xTaskPriorityDisinherit
                0x08005d58       0x78 CMakeFiles/SLK-FreeRTOS.elf.dir/Middlewares/Third_Party/FreeRTOS/Source/tasks.c.obj
                0x08005d58                xTaskPriorityDisinherit
 .text.prvGetNextExpireTime
                0x08005dd0       0x24 CMakeFiles/SLK-FreeRTOS.elf.dir/Middlewares/Third_Party/FreeRTOS/Source/timers.c.obj
 .text.prvInsertTimerInActiveList
                0x08005df4       0x48 CMakeFiles/SLK-FreeRTOS.elf.dir/Middlewares/Third_Party/FreeRTOS/Source/timers.c.obj
 .text.prvCheckForValidListAndQueue
                0x08005e3c       0x70 CMakeFiles/SLK-FreeRTOS.elf.dir/Middlewares/Third_Party/FreeRTOS/Source/timers.c.obj
 .text.xTimerCreateTimerTask
                0x08005eac       0x5c CMakeFiles/SLK-FreeRTOS.elf.dir/Middlewares/Third_Party/FreeRTOS/Source/timers.c.obj
                0x08005eac                xTimerCreateTimerTask
 .text.xTimerGenericCommand
                0x08005f08       0x60 CMakeFiles/SLK-FreeRTOS.elf.dir/Middlewares/Third_Party/FreeRTOS/Source/timers.c.obj
                0x08005f08                xTimerGenericCommand
 .text.prvSwitchTimerLists
                0x08005f68       0x70 CMakeFiles/SLK-FreeRTOS.elf.dir/Middlewares/Third_Party/FreeRTOS/Source/timers.c.obj
 .text.prvSampleTimeNow
                0x08005fd8       0x2c CMakeFiles/SLK-FreeRTOS.elf.dir/Middlewares/Third_Party/FreeRTOS/Source/timers.c.obj
 .text.prvProcessExpiredTimer
                0x08006004       0x5c CMakeFiles/SLK-FreeRTOS.elf.dir/Middlewares/Third_Party/FreeRTOS/Source/timers.c.obj
 .text.prvProcessTimerOrBlockTask
                0x08006060       0x70 CMakeFiles/SLK-FreeRTOS.elf.dir/Middlewares/Third_Party/FreeRTOS/Source/timers.c.obj
 .text.prvProcessReceivedCommands
                0x080060d0       0xf0 CMakeFiles/SLK-FreeRTOS.elf.dir/Middlewares/Third_Party/FreeRTOS/Source/timers.c.obj
 .text.prvTimerTask
                0x080061c0       0x16 CMakeFiles/SLK-FreeRTOS.elf.dir/Middlewares/Third_Party/FreeRTOS/Source/timers.c.obj
 *fill*         0x080061d6        0x2 
 .text.__libc_init_array
                0x080061d8       0x44 d:/software/stm32cube/gcc-arm-none-eabi-10.3-2021.10/bin/../lib/gcc/arm-none-eabi/10.3.1/../../../../arm-none-eabi/lib/thumb/v6-m/nofp\libg.a(lib_a-init.o)
                0x080061d8                __libc_init_array
 .text.memcpy   0x0800621c       0xa4 d:/software/stm32cube/gcc-arm-none-eabi-10.3-2021.10/bin/../lib/gcc/arm-none-eabi/10.3.1/../../../../arm-none-eabi/lib/thumb/v6-m/nofp\libg.a(lib_a-memcpy-stub.o)
                0x0800621c                memcpy
 .text.memset   0x080062c0       0xa8 d:/software/stm32cube/gcc-arm-none-eabi-10.3-2021.10/bin/../lib/gcc/arm-none-eabi/10.3.1/../../../../arm-none-eabi/lib/thumb/v6-m/nofp\libg.a(lib_a-memset.o)
                0x080062c0                memset
 .text.startup.register_fini
                0x08006368       0x18 d:/software/stm32cube/gcc-arm-none-eabi-10.3-2021.10/bin/../lib/gcc/arm-none-eabi/10.3.1/../../../../arm-none-eabi/lib/thumb/v6-m/nofp\libg.a(lib_a-__call_atexit.o)
 .text.atexit   0x08006380       0x10 d:/software/stm32cube/gcc-arm-none-eabi-10.3-2021.10/bin/../lib/gcc/arm-none-eabi/10.3.1/../../../../arm-none-eabi/lib/thumb/v6-m/nofp\libg.a(lib_a-atexit.o)
                0x08006380                atexit
 .text.__libc_fini_array
                0x08006390       0x28 d:/software/stm32cube/gcc-arm-none-eabi-10.3-2021.10/bin/../lib/gcc/arm-none-eabi/10.3.1/../../../../arm-none-eabi/lib/thumb/v6-m/nofp\libg.a(lib_a-fini.o)
                0x08006390                __libc_fini_array
 .text.__retarget_lock_acquire_recursive
                0x080063b8        0x4 d:/software/stm32cube/gcc-arm-none-eabi-10.3-2021.10/bin/../lib/gcc/arm-none-eabi/10.3.1/../../../../arm-none-eabi/lib/thumb/v6-m/nofp\libg.a(lib_a-lock.o)
                0x080063b8                __retarget_lock_acquire_recursive
 .text.__retarget_lock_release_recursive
                0x080063bc        0x4 d:/software/stm32cube/gcc-arm-none-eabi-10.3-2021.10/bin/../lib/gcc/arm-none-eabi/10.3.1/../../../../arm-none-eabi/lib/thumb/v6-m/nofp\libg.a(lib_a-lock.o)
                0x080063bc                __retarget_lock_release_recursive
 .text.__register_exitproc
                0x080063c0       0xac d:/software/stm32cube/gcc-arm-none-eabi-10.3-2021.10/bin/../lib/gcc/arm-none-eabi/10.3.1/../../../../arm-none-eabi/lib/thumb/v6-m/nofp\libg.a(lib_a-__atexit.o)
                0x080063c0                __register_exitproc
 *(.glue_7)
 .glue_7        0x0800646c        0x0 linker stubs
 *(.glue_7t)
 .glue_7t       0x0800646c        0x0 linker stubs
 *(.eh_frame)
 .eh_frame      0x0800646c        0x0 d:/software/stm32cube/gcc-arm-none-eabi-10.3-2021.10/bin/../lib/gcc/arm-none-eabi/10.3.1/thumb/v6-m/nofp/crtbegin.o
 *(.init)
 .init          0x0800646c        0x4 d:/software/stm32cube/gcc-arm-none-eabi-10.3-2021.10/bin/../lib/gcc/arm-none-eabi/10.3.1/thumb/v6-m/nofp/crti.o
                0x0800646c                _init
 .init          0x08006470        0x8 d:/software/stm32cube/gcc-arm-none-eabi-10.3-2021.10/bin/../lib/gcc/arm-none-eabi/10.3.1/thumb/v6-m/nofp/crtn.o
 *(.fini)
 .fini          0x08006478        0x4 d:/software/stm32cube/gcc-arm-none-eabi-10.3-2021.10/bin/../lib/gcc/arm-none-eabi/10.3.1/thumb/v6-m/nofp/crti.o
                0x08006478                _fini
 .fini          0x0800647c        0x8 d:/software/stm32cube/gcc-arm-none-eabi-10.3-2021.10/bin/../lib/gcc/arm-none-eabi/10.3.1/thumb/v6-m/nofp/crtn.o
                0x08006484                . = ALIGN (0x4)
                0x08006484                _etext = .

.vfp11_veneer   0x08006484        0x0
 .vfp11_veneer  0x08006484        0x0 linker stubs

.v4_bx          0x08006484        0x0
 .v4_bx         0x08006484        0x0 linker stubs

.iplt           0x08006484        0x0
 .iplt          0x08006484        0x0 d:/software/stm32cube/gcc-arm-none-eabi-10.3-2021.10/bin/../lib/gcc/arm-none-eabi/10.3.1/thumb/v6-m/nofp/crtbegin.o

.rodata         0x08006484      0x180
                0x08006484                . = ALIGN (0x4)
 *(.rodata)
 *(.rodata*)
 .rodata.str1.4
                0x08006484       0x16 CMakeFiles/SLK-FreeRTOS.elf.dir/Core/Src/app_freertos.c.obj
 *fill*         0x0800649a        0x2 
 .rodata.Moto_Task_attributes
                0x0800649c       0x24 CMakeFiles/SLK-FreeRTOS.elf.dir/Core/Src/app_freertos.c.obj
                0x0800649c                Moto_Task_attributes
 .rodata.myTask02_attributes
                0x080064c0       0x24 CMakeFiles/SLK-FreeRTOS.elf.dir/Core/Src/app_freertos.c.obj
                0x080064c0                myTask02_attributes
 .rodata.AHBPrescTable
                0x080064e4       0x40 CMakeFiles/SLK-FreeRTOS.elf.dir/Core/Src/system_stm32g0xx.c.obj
                0x080064e4                AHBPrescTable
 .rodata.APBPrescTable
                0x08006524       0x20 CMakeFiles/SLK-FreeRTOS.elf.dir/Core/Src/system_stm32g0xx.c.obj
                0x08006524                APBPrescTable
 .rodata.HAL_TIM_PWM_ConfigChannel
                0x08006544       0x54 CMakeFiles/SLK-FreeRTOS.elf.dir/Drivers/STM32G0xx_HAL_Driver/Src/stm32g0xx_hal_tim.c.obj
 .rodata.UARTPrescTable
                0x08006598       0x18 CMakeFiles/SLK-FreeRTOS.elf.dir/Drivers/STM32G0xx_HAL_Driver/Src/stm32g0xx_hal_uart.c.obj
                0x08006598                UARTPrescTable
 .rodata.denominator.0
                0x080065b0        0x8 CMakeFiles/SLK-FreeRTOS.elf.dir/Drivers/STM32G0xx_HAL_Driver/Src/stm32g0xx_hal_uart_ex.c.obj
 .rodata.numerator.1
                0x080065b8        0x8 CMakeFiles/SLK-FreeRTOS.elf.dir/Drivers/STM32G0xx_HAL_Driver/Src/stm32g0xx_hal_uart_ex.c.obj
 .rodata.vTaskStartScheduler.str1.4
                0x080065c0        0x5 CMakeFiles/SLK-FreeRTOS.elf.dir/Middlewares/Third_Party/FreeRTOS/Source/tasks.c.obj
 *fill*         0x080065c5        0x3 
 .rodata.prvCheckForValidListAndQueue.str1.4
                0x080065c8        0x5 CMakeFiles/SLK-FreeRTOS.elf.dir/Middlewares/Third_Party/FreeRTOS/Source/timers.c.obj
 *fill*         0x080065cd        0x3 
 .rodata.xTimerCreateTimerTask.str1.4
                0x080065d0        0x8 CMakeFiles/SLK-FreeRTOS.elf.dir/Middlewares/Third_Party/FreeRTOS/Source/timers.c.obj
 .rodata.prvProcessReceivedCommands
                0x080065d8       0x28 CMakeFiles/SLK-FreeRTOS.elf.dir/Middlewares/Third_Party/FreeRTOS/Source/timers.c.obj
 .rodata._global_impure_ptr
                0x08006600        0x4 d:/software/stm32cube/gcc-arm-none-eabi-10.3-2021.10/bin/../lib/gcc/arm-none-eabi/10.3.1/../../../../arm-none-eabi/lib/thumb/v6-m/nofp\libg.a(lib_a-impure.o)
                0x08006600                _global_impure_ptr
                0x08006604                . = ALIGN (0x4)

.rel.dyn        0x08006604        0x0
 .rel.iplt      0x08006604        0x0 d:/software/stm32cube/gcc-arm-none-eabi-10.3-2021.10/bin/../lib/gcc/arm-none-eabi/10.3.1/thumb/v6-m/nofp/crtbegin.o

.ARM.extab      0x08006604        0x0
                0x08006604                . = ALIGN (0x4)
 *(.ARM.extab* .gnu.linkonce.armextab.*)
                0x08006604                . = ALIGN (0x4)

.ARM            0x08006604        0x0
                0x08006604                . = ALIGN (0x4)
                0x08006604                __exidx_start = .
 *(.ARM.exidx*)
                0x08006604                __exidx_end = .
                0x08006604                . = ALIGN (0x4)

.preinit_array  0x08006604        0x0
                0x08006604                . = ALIGN (0x4)
                0x08006604                PROVIDE (__preinit_array_start = .)
 *(.preinit_array*)
                0x08006604                PROVIDE (__preinit_array_end = .)
                0x08006604                . = ALIGN (0x4)

.init_array     0x08006604        0x8
                0x08006604                . = ALIGN (0x4)
                0x08006604                PROVIDE (__init_array_start = .)
 *(SORT_BY_NAME(.init_array.*))
 .init_array.00000
                0x08006604        0x4 d:/software/stm32cube/gcc-arm-none-eabi-10.3-2021.10/bin/../lib/gcc/arm-none-eabi/10.3.1/../../../../arm-none-eabi/lib/thumb/v6-m/nofp\libg.a(lib_a-__call_atexit.o)
 *(.init_array*)
 .init_array    0x08006608        0x4 d:/software/stm32cube/gcc-arm-none-eabi-10.3-2021.10/bin/../lib/gcc/arm-none-eabi/10.3.1/thumb/v6-m/nofp/crtbegin.o
                0x0800660c                PROVIDE (__init_array_end = .)
                0x0800660c                . = ALIGN (0x4)

.fini_array     0x0800660c        0x4
                0x0800660c                . = ALIGN (0x4)
                0x0800660c                PROVIDE (__fini_array_start = .)
 *(SORT_BY_NAME(.fini_array.*))
 *(.fini_array*)
 .fini_array    0x0800660c        0x4 d:/software/stm32cube/gcc-arm-none-eabi-10.3-2021.10/bin/../lib/gcc/arm-none-eabi/10.3.1/thumb/v6-m/nofp/crtbegin.o
                0x08006610                PROVIDE (__fini_array_end = .)
                0x08006610                . = ALIGN (0x4)
                0x08006610                _sidata = LOADADDR (.data)

.data           0x20000000      0x444 load address 0x08006610
                0x20000000                . = ALIGN (0x4)
                0x20000000                _sdata = .
 *(.data)
 *(.data*)
 .data.SystemCoreClock
                0x20000000        0x4 CMakeFiles/SLK-FreeRTOS.elf.dir/Core/Src/system_stm32g0xx.c.obj
                0x20000000                SystemCoreClock
 .data.uwTickFreq
                0x20000004        0x1 CMakeFiles/SLK-FreeRTOS.elf.dir/Drivers/STM32G0xx_HAL_Driver/Src/stm32g0xx_hal.c.obj
                0x20000004                uwTickFreq
 *fill*         0x20000005        0x3 
 .data.uwTickPrio
                0x20000008        0x4 CMakeFiles/SLK-FreeRTOS.elf.dir/Drivers/STM32G0xx_HAL_Driver/Src/stm32g0xx_hal.c.obj
                0x20000008                uwTickPrio
 .data.MotorSpeed
                0x2000000c        0x4 CMakeFiles/SLK-FreeRTOS.elf.dir/Hardware/Src/tmc5130.c.obj
                0x2000000c                MotorSpeed
 .data.uxCriticalNesting
                0x20000010        0x4 CMakeFiles/SLK-FreeRTOS.elf.dir/Middlewares/Third_Party/FreeRTOS/Source/portable/GCC/ARM_CM0/port.c.obj
 *fill*         0x20000014        0x4 
 .data.impure_data
                0x20000018      0x428 d:/software/stm32cube/gcc-arm-none-eabi-10.3-2021.10/bin/../lib/gcc/arm-none-eabi/10.3.1/../../../../arm-none-eabi/lib/thumb/v6-m/nofp\libg.a(lib_a-impure.o)
 .data.__atexit_recursive_mutex
                0x20000440        0x4 d:/software/stm32cube/gcc-arm-none-eabi-10.3-2021.10/bin/../lib/gcc/arm-none-eabi/10.3.1/../../../../arm-none-eabi/lib/thumb/v6-m/nofp\libg.a(lib_a-__call_atexit.o)
                0x20000440                __atexit_recursive_mutex
 *(.RamFunc)
 *(.RamFunc*)
                0x20000444                . = ALIGN (0x4)
                0x20000444                _edata = .

.igot.plt       0x20000444        0x0 load address 0x08006a54
 .igot.plt      0x20000444        0x0 d:/software/stm32cube/gcc-arm-none-eabi-10.3-2021.10/bin/../lib/gcc/arm-none-eabi/10.3.1/thumb/v6-m/nofp/crtbegin.o
                0x20000444                . = ALIGN (0x4)

.bss            0x20000444     0x1f78 load address 0x08006a54
                0x20000444                _sbss = .
                0x20000444                __bss_start__ = _sbss
 *(.bss)
 .bss           0x20000444       0x1c d:/software/stm32cube/gcc-arm-none-eabi-10.3-2021.10/bin/../lib/gcc/arm-none-eabi/10.3.1/thumb/v6-m/nofp/crtbegin.o
 *(.bss*)
 .bss.hadc1     0x20000460       0x64 CMakeFiles/SLK-FreeRTOS.elf.dir/Core/Src/adc.c.obj
                0x20000460                hadc1
 .bss.hdma_adc1
                0x200004c4       0x5c CMakeFiles/SLK-FreeRTOS.elf.dir/Core/Src/adc.c.obj
                0x200004c4                hdma_adc1
 .bss.Moto_TaskHandle
                0x20000520        0x4 CMakeFiles/SLK-FreeRTOS.elf.dir/Core/Src/app_freertos.c.obj
                0x20000520                Moto_TaskHandle
 .bss.myTask02Handle
                0x20000524        0x4 CMakeFiles/SLK-FreeRTOS.elf.dir/Core/Src/app_freertos.c.obj
                0x20000524                myTask02Handle
 .bss.hdma_i2c1_rx
                0x20000528       0x5c CMakeFiles/SLK-FreeRTOS.elf.dir/Core/Src/i2c.c.obj
                0x20000528                hdma_i2c1_rx
 .bss.hdma_i2c1_tx
                0x20000584       0x5c CMakeFiles/SLK-FreeRTOS.elf.dir/Core/Src/i2c.c.obj
                0x20000584                hdma_i2c1_tx
 .bss.hdma_i2c2_rx
                0x200005e0       0x5c CMakeFiles/SLK-FreeRTOS.elf.dir/Core/Src/i2c.c.obj
                0x200005e0                hdma_i2c2_rx
 .bss.hdma_i2c2_tx
                0x2000063c       0x5c CMakeFiles/SLK-FreeRTOS.elf.dir/Core/Src/i2c.c.obj
                0x2000063c                hdma_i2c2_tx
 .bss.hi2c1     0x20000698       0x54 CMakeFiles/SLK-FreeRTOS.elf.dir/Core/Src/i2c.c.obj
                0x20000698                hi2c1
 .bss.hi2c2     0x200006ec       0x54 CMakeFiles/SLK-FreeRTOS.elf.dir/Core/Src/i2c.c.obj
                0x200006ec                hi2c2
 .bss.hspi1     0x20000740       0x64 CMakeFiles/SLK-FreeRTOS.elf.dir/Core/Src/spi.c.obj
                0x20000740                hspi1
 .bss.htim6     0x200007a4       0x4c CMakeFiles/SLK-FreeRTOS.elf.dir/Core/Src/stm32g0xx_hal_timebase_tim.c.obj
                0x200007a4                htim6
 .bss.hdma_tim16_ch1
                0x200007f0       0x5c CMakeFiles/SLK-FreeRTOS.elf.dir/Core/Src/tim.c.obj
                0x200007f0                hdma_tim16_ch1
 .bss.htim14    0x2000084c       0x4c CMakeFiles/SLK-FreeRTOS.elf.dir/Core/Src/tim.c.obj
                0x2000084c                htim14
 .bss.htim16    0x20000898       0x4c CMakeFiles/SLK-FreeRTOS.elf.dir/Core/Src/tim.c.obj
                0x20000898                htim16
 .bss.htim17    0x200008e4       0x4c CMakeFiles/SLK-FreeRTOS.elf.dir/Core/Src/tim.c.obj
                0x200008e4                htim17
 .bss.htim3     0x20000930       0x4c CMakeFiles/SLK-FreeRTOS.elf.dir/Core/Src/tim.c.obj
                0x20000930                htim3
 .bss.hdma_usart1_tx
                0x2000097c       0x5c CMakeFiles/SLK-FreeRTOS.elf.dir/Core/Src/usart.c.obj
                0x2000097c                hdma_usart1_tx
 .bss.huart1    0x200009d8       0x94 CMakeFiles/SLK-FreeRTOS.elf.dir/Core/Src/usart.c.obj
                0x200009d8                huart1
 .bss.uwTick    0x20000a6c        0x4 CMakeFiles/SLK-FreeRTOS.elf.dir/Drivers/STM32G0xx_HAL_Driver/Src/stm32g0xx_hal.c.obj
                0x20000a6c                uwTick
 .bss.Idle_Stack.2
                0x20000a70      0x200 CMakeFiles/SLK-FreeRTOS.elf.dir/Middlewares/Third_Party/FreeRTOS/Source/CMSIS_RTOS_V2/cmsis_os2.c.obj
 .bss.Idle_TCB.3
                0x20000c70       0x5c CMakeFiles/SLK-FreeRTOS.elf.dir/Middlewares/Third_Party/FreeRTOS/Source/CMSIS_RTOS_V2/cmsis_os2.c.obj
 .bss.KernelState
                0x20000ccc        0x4 CMakeFiles/SLK-FreeRTOS.elf.dir/Middlewares/Third_Party/FreeRTOS/Source/CMSIS_RTOS_V2/cmsis_os2.c.obj
 .bss.Timer_Stack.0
                0x20000cd0      0x400 CMakeFiles/SLK-FreeRTOS.elf.dir/Middlewares/Third_Party/FreeRTOS/Source/CMSIS_RTOS_V2/cmsis_os2.c.obj
 .bss.Timer_TCB.1
                0x200010d0       0x5c CMakeFiles/SLK-FreeRTOS.elf.dir/Middlewares/Third_Party/FreeRTOS/Source/CMSIS_RTOS_V2/cmsis_os2.c.obj
 .bss.pxEnd     0x2000112c        0x4 CMakeFiles/SLK-FreeRTOS.elf.dir/Middlewares/Third_Party/FreeRTOS/Source/portable/MemMang/heap_4.c.obj
 .bss.ucHeap    0x20001130      0xc00 CMakeFiles/SLK-FreeRTOS.elf.dir/Middlewares/Third_Party/FreeRTOS/Source/portable/MemMang/heap_4.c.obj
 .bss.xBlockAllocatedBit
                0x20001d30        0x4 CMakeFiles/SLK-FreeRTOS.elf.dir/Middlewares/Third_Party/FreeRTOS/Source/portable/MemMang/heap_4.c.obj
 .bss.xFreeBytesRemaining
                0x20001d34        0x4 CMakeFiles/SLK-FreeRTOS.elf.dir/Middlewares/Third_Party/FreeRTOS/Source/portable/MemMang/heap_4.c.obj
 .bss.xMinimumEverFreeBytesRemaining
                0x20001d38        0x4 CMakeFiles/SLK-FreeRTOS.elf.dir/Middlewares/Third_Party/FreeRTOS/Source/portable/MemMang/heap_4.c.obj
 .bss.xNumberOfSuccessfulAllocations
                0x20001d3c        0x4 CMakeFiles/SLK-FreeRTOS.elf.dir/Middlewares/Third_Party/FreeRTOS/Source/portable/MemMang/heap_4.c.obj
 .bss.xNumberOfSuccessfulFrees
                0x20001d40        0x4 CMakeFiles/SLK-FreeRTOS.elf.dir/Middlewares/Third_Party/FreeRTOS/Source/portable/MemMang/heap_4.c.obj
 .bss.xStart    0x20001d44        0x8 CMakeFiles/SLK-FreeRTOS.elf.dir/Middlewares/Third_Party/FreeRTOS/Source/portable/MemMang/heap_4.c.obj
 .bss.xQueueRegistry
                0x20001d4c       0x40 CMakeFiles/SLK-FreeRTOS.elf.dir/Middlewares/Third_Party/FreeRTOS/Source/queue.c.obj
                0x20001d4c                xQueueRegistry
 .bss.pxCurrentTCB
                0x20001d8c        0x4 CMakeFiles/SLK-FreeRTOS.elf.dir/Middlewares/Third_Party/FreeRTOS/Source/tasks.c.obj
                0x20001d8c                pxCurrentTCB
 .bss.pxDelayedTaskList
                0x20001d90        0x4 CMakeFiles/SLK-FreeRTOS.elf.dir/Middlewares/Third_Party/FreeRTOS/Source/tasks.c.obj
 .bss.pxOverflowDelayedTaskList
                0x20001d94        0x4 CMakeFiles/SLK-FreeRTOS.elf.dir/Middlewares/Third_Party/FreeRTOS/Source/tasks.c.obj
 .bss.pxReadyTasksLists
                0x20001d98      0x460 CMakeFiles/SLK-FreeRTOS.elf.dir/Middlewares/Third_Party/FreeRTOS/Source/tasks.c.obj
 .bss.uxCurrentNumberOfTasks
                0x200021f8        0x4 CMakeFiles/SLK-FreeRTOS.elf.dir/Middlewares/Third_Party/FreeRTOS/Source/tasks.c.obj
 .bss.uxDeletedTasksWaitingCleanUp
                0x200021fc        0x4 CMakeFiles/SLK-FreeRTOS.elf.dir/Middlewares/Third_Party/FreeRTOS/Source/tasks.c.obj
 .bss.uxSchedulerSuspended
                0x20002200        0x4 CMakeFiles/SLK-FreeRTOS.elf.dir/Middlewares/Third_Party/FreeRTOS/Source/tasks.c.obj
 .bss.uxTaskNumber
                0x20002204        0x4 CMakeFiles/SLK-FreeRTOS.elf.dir/Middlewares/Third_Party/FreeRTOS/Source/tasks.c.obj
 .bss.uxTopReadyPriority
                0x20002208        0x4 CMakeFiles/SLK-FreeRTOS.elf.dir/Middlewares/Third_Party/FreeRTOS/Source/tasks.c.obj
 .bss.xDelayedTaskList1
                0x2000220c       0x14 CMakeFiles/SLK-FreeRTOS.elf.dir/Middlewares/Third_Party/FreeRTOS/Source/tasks.c.obj
 .bss.xDelayedTaskList2
                0x20002220       0x14 CMakeFiles/SLK-FreeRTOS.elf.dir/Middlewares/Third_Party/FreeRTOS/Source/tasks.c.obj
 .bss.xIdleTaskHandle
                0x20002234        0x4 CMakeFiles/SLK-FreeRTOS.elf.dir/Middlewares/Third_Party/FreeRTOS/Source/tasks.c.obj
 .bss.xNextTaskUnblockTime
                0x20002238        0x4 CMakeFiles/SLK-FreeRTOS.elf.dir/Middlewares/Third_Party/FreeRTOS/Source/tasks.c.obj
 .bss.xNumOfOverflows
                0x2000223c        0x4 CMakeFiles/SLK-FreeRTOS.elf.dir/Middlewares/Third_Party/FreeRTOS/Source/tasks.c.obj
 .bss.xPendedTicks
                0x20002240        0x4 CMakeFiles/SLK-FreeRTOS.elf.dir/Middlewares/Third_Party/FreeRTOS/Source/tasks.c.obj
 .bss.xPendingReadyList
                0x20002244       0x14 CMakeFiles/SLK-FreeRTOS.elf.dir/Middlewares/Third_Party/FreeRTOS/Source/tasks.c.obj
 .bss.xSchedulerRunning
                0x20002258        0x4 CMakeFiles/SLK-FreeRTOS.elf.dir/Middlewares/Third_Party/FreeRTOS/Source/tasks.c.obj
 .bss.xSuspendedTaskList
                0x2000225c       0x14 CMakeFiles/SLK-FreeRTOS.elf.dir/Middlewares/Third_Party/FreeRTOS/Source/tasks.c.obj
 .bss.xTasksWaitingTermination
                0x20002270       0x14 CMakeFiles/SLK-FreeRTOS.elf.dir/Middlewares/Third_Party/FreeRTOS/Source/tasks.c.obj
 .bss.xTickCount
                0x20002284        0x4 CMakeFiles/SLK-FreeRTOS.elf.dir/Middlewares/Third_Party/FreeRTOS/Source/tasks.c.obj
 .bss.xYieldPending
                0x20002288        0x4 CMakeFiles/SLK-FreeRTOS.elf.dir/Middlewares/Third_Party/FreeRTOS/Source/tasks.c.obj
 .bss.pxCurrentTimerList
                0x2000228c        0x4 CMakeFiles/SLK-FreeRTOS.elf.dir/Middlewares/Third_Party/FreeRTOS/Source/timers.c.obj
 .bss.pxOverflowTimerList
                0x20002290        0x4 CMakeFiles/SLK-FreeRTOS.elf.dir/Middlewares/Third_Party/FreeRTOS/Source/timers.c.obj
 .bss.ucStaticTimerQueueStorage.1
                0x20002294       0xa0 CMakeFiles/SLK-FreeRTOS.elf.dir/Middlewares/Third_Party/FreeRTOS/Source/timers.c.obj
 .bss.xActiveTimerList1
                0x20002334       0x14 CMakeFiles/SLK-FreeRTOS.elf.dir/Middlewares/Third_Party/FreeRTOS/Source/timers.c.obj
 .bss.xActiveTimerList2
                0x20002348       0x14 CMakeFiles/SLK-FreeRTOS.elf.dir/Middlewares/Third_Party/FreeRTOS/Source/timers.c.obj
 .bss.xLastTime.2
                0x2000235c        0x4 CMakeFiles/SLK-FreeRTOS.elf.dir/Middlewares/Third_Party/FreeRTOS/Source/timers.c.obj
 .bss.xStaticTimerQueue.0
                0x20002360       0x50 CMakeFiles/SLK-FreeRTOS.elf.dir/Middlewares/Third_Party/FreeRTOS/Source/timers.c.obj
 .bss.xTimerQueue
                0x200023b0        0x4 CMakeFiles/SLK-FreeRTOS.elf.dir/Middlewares/Third_Party/FreeRTOS/Source/timers.c.obj
 .bss.xTimerTaskHandle
                0x200023b4        0x4 CMakeFiles/SLK-FreeRTOS.elf.dir/Middlewares/Third_Party/FreeRTOS/Source/timers.c.obj
 .bss.__lock___atexit_recursive_mutex
                0x200023b8        0x1 d:/software/stm32cube/gcc-arm-none-eabi-10.3-2021.10/bin/../lib/gcc/arm-none-eabi/10.3.1/../../../../arm-none-eabi/lib/thumb/v6-m/nofp\libg.a(lib_a-lock.o)
                0x200023b8                __lock___atexit_recursive_mutex
 *(COMMON)
                0x200023bc                . = ALIGN (0x4)
 *fill*         0x200023b9        0x3 
                0x200023bc                _ebss = .
                0x200023bc                __bss_end__ = _ebss

._user_heap_stack
                0x200023bc      0x604 load address 0x08006a54
                0x200023c0                . = ALIGN (0x8)
 *fill*         0x200023bc        0x4 
                [!provide]                PROVIDE (end = .)
                0x200023c0                PROVIDE (_end = .)
                0x200025c0                . = (. + _Min_Heap_Size)
 *fill*         0x200023c0      0x200 
                0x200029c0                . = (. + _Min_Stack_Size)
 *fill*         0x200025c0      0x400 
                0x200029c0                . = ALIGN (0x8)

/DISCARD/
 libc.a(*)
 libm.a(*)
 libgcc.a(*)

.ARM.attributes
                0x00000000       0x28
 *(.ARM.attributes)
 .ARM.attributes
                0x00000000       0x1e d:/software/stm32cube/gcc-arm-none-eabi-10.3-2021.10/bin/../lib/gcc/arm-none-eabi/10.3.1/thumb/v6-m/nofp/crti.o
 .ARM.attributes
                0x0000001e       0x2c d:/software/stm32cube/gcc-arm-none-eabi-10.3-2021.10/bin/../lib/gcc/arm-none-eabi/10.3.1/thumb/v6-m/nofp/crtbegin.o
 .ARM.attributes
                0x0000004a       0x2c CMakeFiles/SLK-FreeRTOS.elf.dir/Core/Src/adc.c.obj
 .ARM.attributes
                0x00000076       0x2c CMakeFiles/SLK-FreeRTOS.elf.dir/Core/Src/app_freertos.c.obj
 .ARM.attributes
                0x000000a2       0x2c CMakeFiles/SLK-FreeRTOS.elf.dir/Core/Src/dma.c.obj
 .ARM.attributes
                0x000000ce       0x2c CMakeFiles/SLK-FreeRTOS.elf.dir/Core/Src/gpio.c.obj
 .ARM.attributes
                0x000000fa       0x2c CMakeFiles/SLK-FreeRTOS.elf.dir/Core/Src/i2c.c.obj
 .ARM.attributes
                0x00000126       0x2c CMakeFiles/SLK-FreeRTOS.elf.dir/Core/Src/main.c.obj
 .ARM.attributes
                0x00000152       0x2c CMakeFiles/SLK-FreeRTOS.elf.dir/Core/Src/spi.c.obj
 .ARM.attributes
                0x0000017e       0x2c CMakeFiles/SLK-FreeRTOS.elf.dir/Core/Src/stm32g0xx_hal_msp.c.obj
 .ARM.attributes
                0x000001aa       0x2c CMakeFiles/SLK-FreeRTOS.elf.dir/Core/Src/stm32g0xx_hal_timebase_tim.c.obj
 .ARM.attributes
                0x000001d6       0x2c CMakeFiles/SLK-FreeRTOS.elf.dir/Core/Src/stm32g0xx_it.c.obj
 .ARM.attributes
                0x00000202       0x2c CMakeFiles/SLK-FreeRTOS.elf.dir/Core/Src/system_stm32g0xx.c.obj
 .ARM.attributes
                0x0000022e       0x2c CMakeFiles/SLK-FreeRTOS.elf.dir/Core/Src/tim.c.obj
 .ARM.attributes
                0x0000025a       0x2c CMakeFiles/SLK-FreeRTOS.elf.dir/Core/Src/usart.c.obj
 .ARM.attributes
                0x00000286       0x22 CMakeFiles/SLK-FreeRTOS.elf.dir/Core/Startup/startup_stm32g070cbtx.s.obj
 .ARM.attributes
                0x000002a8       0x2c CMakeFiles/SLK-FreeRTOS.elf.dir/Drivers/STM32G0xx_HAL_Driver/Src/stm32g0xx_hal.c.obj
 .ARM.attributes
                0x000002d4       0x2c CMakeFiles/SLK-FreeRTOS.elf.dir/Drivers/STM32G0xx_HAL_Driver/Src/stm32g0xx_hal_adc.c.obj
 .ARM.attributes
                0x00000300       0x2c CMakeFiles/SLK-FreeRTOS.elf.dir/Drivers/STM32G0xx_HAL_Driver/Src/stm32g0xx_hal_adc_ex.c.obj
 .ARM.attributes
                0x0000032c       0x2c CMakeFiles/SLK-FreeRTOS.elf.dir/Drivers/STM32G0xx_HAL_Driver/Src/stm32g0xx_hal_cortex.c.obj
 .ARM.attributes
                0x00000358       0x2c CMakeFiles/SLK-FreeRTOS.elf.dir/Drivers/STM32G0xx_HAL_Driver/Src/stm32g0xx_hal_dma.c.obj
 .ARM.attributes
                0x00000384       0x2c CMakeFiles/SLK-FreeRTOS.elf.dir/Drivers/STM32G0xx_HAL_Driver/Src/stm32g0xx_hal_gpio.c.obj
 .ARM.attributes
                0x000003b0       0x2c CMakeFiles/SLK-FreeRTOS.elf.dir/Drivers/STM32G0xx_HAL_Driver/Src/stm32g0xx_hal_i2c.c.obj
 .ARM.attributes
                0x000003dc       0x2c CMakeFiles/SLK-FreeRTOS.elf.dir/Drivers/STM32G0xx_HAL_Driver/Src/stm32g0xx_hal_i2c_ex.c.obj
 .ARM.attributes
                0x00000408       0x2c CMakeFiles/SLK-FreeRTOS.elf.dir/Drivers/STM32G0xx_HAL_Driver/Src/stm32g0xx_hal_pwr_ex.c.obj
 .ARM.attributes
                0x00000434       0x2c CMakeFiles/SLK-FreeRTOS.elf.dir/Drivers/STM32G0xx_HAL_Driver/Src/stm32g0xx_hal_rcc.c.obj
 .ARM.attributes
                0x00000460       0x2c CMakeFiles/SLK-FreeRTOS.elf.dir/Drivers/STM32G0xx_HAL_Driver/Src/stm32g0xx_hal_rcc_ex.c.obj
 .ARM.attributes
                0x0000048c       0x2c CMakeFiles/SLK-FreeRTOS.elf.dir/Drivers/STM32G0xx_HAL_Driver/Src/stm32g0xx_hal_spi.c.obj
 .ARM.attributes
                0x000004b8       0x2c CMakeFiles/SLK-FreeRTOS.elf.dir/Drivers/STM32G0xx_HAL_Driver/Src/stm32g0xx_hal_tim.c.obj
 .ARM.attributes
                0x000004e4       0x2c CMakeFiles/SLK-FreeRTOS.elf.dir/Drivers/STM32G0xx_HAL_Driver/Src/stm32g0xx_hal_tim_ex.c.obj
 .ARM.attributes
                0x00000510       0x2c CMakeFiles/SLK-FreeRTOS.elf.dir/Drivers/STM32G0xx_HAL_Driver/Src/stm32g0xx_hal_uart.c.obj
 .ARM.attributes
                0x0000053c       0x2c CMakeFiles/SLK-FreeRTOS.elf.dir/Drivers/STM32G0xx_HAL_Driver/Src/stm32g0xx_hal_uart_ex.c.obj
 .ARM.attributes
                0x00000568       0x2c CMakeFiles/SLK-FreeRTOS.elf.dir/Hardware/Src/tmc5130.c.obj
 .ARM.attributes
                0x00000594       0x2c CMakeFiles/SLK-FreeRTOS.elf.dir/Middlewares/Third_Party/FreeRTOS/Source/CMSIS_RTOS_V2/cmsis_os2.c.obj
 .ARM.attributes
                0x000005c0       0x2c CMakeFiles/SLK-FreeRTOS.elf.dir/Middlewares/Third_Party/FreeRTOS/Source/list.c.obj
 .ARM.attributes
                0x000005ec       0x2c CMakeFiles/SLK-FreeRTOS.elf.dir/Middlewares/Third_Party/FreeRTOS/Source/portable/GCC/ARM_CM0/port.c.obj
 .ARM.attributes
                0x00000618       0x2c CMakeFiles/SLK-FreeRTOS.elf.dir/Middlewares/Third_Party/FreeRTOS/Source/portable/MemMang/heap_4.c.obj
 .ARM.attributes
                0x00000644       0x2c CMakeFiles/SLK-FreeRTOS.elf.dir/Middlewares/Third_Party/FreeRTOS/Source/queue.c.obj
 .ARM.attributes
                0x00000670       0x2c CMakeFiles/SLK-FreeRTOS.elf.dir/Middlewares/Third_Party/FreeRTOS/Source/tasks.c.obj
 .ARM.attributes
                0x0000069c       0x2c CMakeFiles/SLK-FreeRTOS.elf.dir/Middlewares/Third_Party/FreeRTOS/Source/timers.c.obj
 .ARM.attributes
                0x000006c8       0x1e d:/software/stm32cube/gcc-arm-none-eabi-10.3-2021.10/bin/../lib/gcc/arm-none-eabi/10.3.1/thumb/v6-m/nofp\libgcc.a(_udivsi3.o)
 .ARM.attributes
                0x000006e6       0x1e d:/software/stm32cube/gcc-arm-none-eabi-10.3-2021.10/bin/../lib/gcc/arm-none-eabi/10.3.1/thumb/v6-m/nofp\libgcc.a(_divsi3.o)
 .ARM.attributes
                0x00000704       0x1e d:/software/stm32cube/gcc-arm-none-eabi-10.3-2021.10/bin/../lib/gcc/arm-none-eabi/10.3.1/thumb/v6-m/nofp\libgcc.a(_dvmd_tls.o)
 .ARM.attributes
                0x00000722       0x2c d:/software/stm32cube/gcc-arm-none-eabi-10.3-2021.10/bin/../lib/gcc/arm-none-eabi/10.3.1/../../../../arm-none-eabi/lib/thumb/v6-m/nofp\libg.a(lib_a-impure.o)
 .ARM.attributes
                0x0000074e       0x2c d:/software/stm32cube/gcc-arm-none-eabi-10.3-2021.10/bin/../lib/gcc/arm-none-eabi/10.3.1/../../../../arm-none-eabi/lib/thumb/v6-m/nofp\libg.a(lib_a-init.o)
 .ARM.attributes
                0x0000077a       0x2c d:/software/stm32cube/gcc-arm-none-eabi-10.3-2021.10/bin/../lib/gcc/arm-none-eabi/10.3.1/../../../../arm-none-eabi/lib/thumb/v6-m/nofp\libg.a(lib_a-memcpy-stub.o)
 .ARM.attributes
                0x000007a6       0x2c d:/software/stm32cube/gcc-arm-none-eabi-10.3-2021.10/bin/../lib/gcc/arm-none-eabi/10.3.1/../../../../arm-none-eabi/lib/thumb/v6-m/nofp\libg.a(lib_a-memset.o)
 .ARM.attributes
                0x000007d2       0x2c d:/software/stm32cube/gcc-arm-none-eabi-10.3-2021.10/bin/../lib/gcc/arm-none-eabi/10.3.1/../../../../arm-none-eabi/lib/thumb/v6-m/nofp\libg.a(lib_a-__call_atexit.o)
 .ARM.attributes
                0x000007fe       0x2c d:/software/stm32cube/gcc-arm-none-eabi-10.3-2021.10/bin/../lib/gcc/arm-none-eabi/10.3.1/../../../../arm-none-eabi/lib/thumb/v6-m/nofp\libg.a(lib_a-atexit.o)
 .ARM.attributes
                0x0000082a       0x2c d:/software/stm32cube/gcc-arm-none-eabi-10.3-2021.10/bin/../lib/gcc/arm-none-eabi/10.3.1/../../../../arm-none-eabi/lib/thumb/v6-m/nofp\libg.a(lib_a-fini.o)
 .ARM.attributes
                0x00000856       0x2c d:/software/stm32cube/gcc-arm-none-eabi-10.3-2021.10/bin/../lib/gcc/arm-none-eabi/10.3.1/../../../../arm-none-eabi/lib/thumb/v6-m/nofp\libg.a(lib_a-lock.o)
 .ARM.attributes
                0x00000882       0x2c d:/software/stm32cube/gcc-arm-none-eabi-10.3-2021.10/bin/../lib/gcc/arm-none-eabi/10.3.1/../../../../arm-none-eabi/lib/thumb/v6-m/nofp\libg.a(lib_a-__atexit.o)
 .ARM.attributes
                0x000008ae       0x1e d:/software/stm32cube/gcc-arm-none-eabi-10.3-2021.10/bin/../lib/gcc/arm-none-eabi/10.3.1/thumb/v6-m/nofp/crtn.o
OUTPUT(SLK-FreeRTOS.elf elf32-littlearm)
LOAD linker stubs
LOAD d:/software/stm32cube/gcc-arm-none-eabi-10.3-2021.10/bin/../lib/gcc/arm-none-eabi/10.3.1/../../../../arm-none-eabi/lib/thumb/v6-m/nofp\libc.a
LOAD d:/software/stm32cube/gcc-arm-none-eabi-10.3-2021.10/bin/../lib/gcc/arm-none-eabi/10.3.1/../../../../arm-none-eabi/lib/thumb/v6-m/nofp\libm.a
LOAD d:/software/stm32cube/gcc-arm-none-eabi-10.3-2021.10/bin/../lib/gcc/arm-none-eabi/10.3.1/thumb/v6-m/nofp\libgcc.a

.debug_info     0x00000000    0x30b55
 .debug_info    0x00000000      0xe99 CMakeFiles/SLK-FreeRTOS.elf.dir/Core/Src/adc.c.obj
 .debug_info    0x00000e99      0x607 CMakeFiles/SLK-FreeRTOS.elf.dir/Core/Src/app_freertos.c.obj
 .debug_info    0x000014a0      0x3f9 CMakeFiles/SLK-FreeRTOS.elf.dir/Core/Src/dma.c.obj
 .debug_info    0x00001899      0x785 CMakeFiles/SLK-FreeRTOS.elf.dir/Core/Src/gpio.c.obj
 .debug_info    0x0000201e     0x101e CMakeFiles/SLK-FreeRTOS.elf.dir/Core/Src/i2c.c.obj
 .debug_info    0x0000303c      0xbdb CMakeFiles/SLK-FreeRTOS.elf.dir/Core/Src/main.c.obj
 .debug_info    0x00003c17      0xb2e CMakeFiles/SLK-FreeRTOS.elf.dir/Core/Src/spi.c.obj
 .debug_info    0x00004745      0x3ba CMakeFiles/SLK-FreeRTOS.elf.dir/Core/Src/stm32g0xx_hal_msp.c.obj
 .debug_info    0x00004aff      0xc3a CMakeFiles/SLK-FreeRTOS.elf.dir/Core/Src/stm32g0xx_hal_timebase_tim.c.obj
 .debug_info    0x00005739     0x13f9 CMakeFiles/SLK-FreeRTOS.elf.dir/Core/Src/stm32g0xx_it.c.obj
 .debug_info    0x00006b32      0x38d CMakeFiles/SLK-FreeRTOS.elf.dir/Core/Src/system_stm32g0xx.c.obj
 .debug_info    0x00006ebf     0x134b CMakeFiles/SLK-FreeRTOS.elf.dir/Core/Src/tim.c.obj
 .debug_info    0x0000820a      0xe9d CMakeFiles/SLK-FreeRTOS.elf.dir/Core/Src/usart.c.obj
 .debug_info    0x000090a7       0x22 CMakeFiles/SLK-FreeRTOS.elf.dir/Core/Startup/startup_stm32g070cbtx.s.obj
 .debug_info    0x000090c9      0x9c6 CMakeFiles/SLK-FreeRTOS.elf.dir/Drivers/STM32G0xx_HAL_Driver/Src/stm32g0xx_hal.c.obj
 .debug_info    0x00009a8f     0x2383 CMakeFiles/SLK-FreeRTOS.elf.dir/Drivers/STM32G0xx_HAL_Driver/Src/stm32g0xx_hal_adc.c.obj
 .debug_info    0x0000be12      0xccb CMakeFiles/SLK-FreeRTOS.elf.dir/Drivers/STM32G0xx_HAL_Driver/Src/stm32g0xx_hal_adc_ex.c.obj
 .debug_info    0x0000cadd      0xa4b CMakeFiles/SLK-FreeRTOS.elf.dir/Drivers/STM32G0xx_HAL_Driver/Src/stm32g0xx_hal_cortex.c.obj
 .debug_info    0x0000d528      0xa54 CMakeFiles/SLK-FreeRTOS.elf.dir/Drivers/STM32G0xx_HAL_Driver/Src/stm32g0xx_hal_dma.c.obj
 .debug_info    0x0000df7c      0x62f CMakeFiles/SLK-FreeRTOS.elf.dir/Drivers/STM32G0xx_HAL_Driver/Src/stm32g0xx_hal_gpio.c.obj
 .debug_info    0x0000e5ab     0x42e2 CMakeFiles/SLK-FreeRTOS.elf.dir/Drivers/STM32G0xx_HAL_Driver/Src/stm32g0xx_hal_i2c.c.obj
 .debug_info    0x0001288d      0xa9e CMakeFiles/SLK-FreeRTOS.elf.dir/Drivers/STM32G0xx_HAL_Driver/Src/stm32g0xx_hal_i2c_ex.c.obj
 .debug_info    0x0001332b      0x558 CMakeFiles/SLK-FreeRTOS.elf.dir/Drivers/STM32G0xx_HAL_Driver/Src/stm32g0xx_hal_pwr_ex.c.obj
 .debug_info    0x00013883      0xd38 CMakeFiles/SLK-FreeRTOS.elf.dir/Drivers/STM32G0xx_HAL_Driver/Src/stm32g0xx_hal_rcc.c.obj
 .debug_info    0x000145bb      0x8f6 CMakeFiles/SLK-FreeRTOS.elf.dir/Drivers/STM32G0xx_HAL_Driver/Src/stm32g0xx_hal_rcc_ex.c.obj
 .debug_info    0x00014eb1     0x22a6 CMakeFiles/SLK-FreeRTOS.elf.dir/Drivers/STM32G0xx_HAL_Driver/Src/stm32g0xx_hal_spi.c.obj
 .debug_info    0x00017157     0x3fe4 CMakeFiles/SLK-FreeRTOS.elf.dir/Drivers/STM32G0xx_HAL_Driver/Src/stm32g0xx_hal_tim.c.obj
 .debug_info    0x0001b13b     0x1f49 CMakeFiles/SLK-FreeRTOS.elf.dir/Drivers/STM32G0xx_HAL_Driver/Src/stm32g0xx_hal_tim_ex.c.obj
 .debug_info    0x0001d084     0x6184 CMakeFiles/SLK-FreeRTOS.elf.dir/Drivers/STM32G0xx_HAL_Driver/Src/stm32g0xx_hal_uart.c.obj
 .debug_info    0x00023208     0x1236 CMakeFiles/SLK-FreeRTOS.elf.dir/Drivers/STM32G0xx_HAL_Driver/Src/stm32g0xx_hal_uart_ex.c.obj
 .debug_info    0x0002443e      0xfa4 CMakeFiles/SLK-FreeRTOS.elf.dir/Hardware/Src/tmc5130.c.obj
 .debug_info    0x000253e2     0x4762 CMakeFiles/SLK-FreeRTOS.elf.dir/Middlewares/Third_Party/FreeRTOS/Source/CMSIS_RTOS_V2/cmsis_os2.c.obj
 .debug_info    0x00029b44      0x2e0 CMakeFiles/SLK-FreeRTOS.elf.dir/Middlewares/Third_Party/FreeRTOS/Source/list.c.obj
 .debug_info    0x00029e24      0x312 CMakeFiles/SLK-FreeRTOS.elf.dir/Middlewares/Third_Party/FreeRTOS/Source/portable/GCC/ARM_CM0/port.c.obj
 .debug_info    0x0002a136      0x540 CMakeFiles/SLK-FreeRTOS.elf.dir/Middlewares/Third_Party/FreeRTOS/Source/portable/MemMang/heap_4.c.obj
 .debug_info    0x0002a676     0x2199 CMakeFiles/SLK-FreeRTOS.elf.dir/Middlewares/Third_Party/FreeRTOS/Source/queue.c.obj
 .debug_info    0x0002c80f     0x2afb CMakeFiles/SLK-FreeRTOS.elf.dir/Middlewares/Third_Party/FreeRTOS/Source/tasks.c.obj
 .debug_info    0x0002f30a     0x184b CMakeFiles/SLK-FreeRTOS.elf.dir/Middlewares/Third_Party/FreeRTOS/Source/timers.c.obj

.debug_abbrev   0x00000000     0x53fe
 .debug_abbrev  0x00000000      0x218 CMakeFiles/SLK-FreeRTOS.elf.dir/Core/Src/adc.c.obj
 .debug_abbrev  0x00000218      0x1a0 CMakeFiles/SLK-FreeRTOS.elf.dir/Core/Src/app_freertos.c.obj
 .debug_abbrev  0x000003b8      0x13e CMakeFiles/SLK-FreeRTOS.elf.dir/Core/Src/dma.c.obj
 .debug_abbrev  0x000004f6      0x193 CMakeFiles/SLK-FreeRTOS.elf.dir/Core/Src/gpio.c.obj
 .debug_abbrev  0x00000689      0x253 CMakeFiles/SLK-FreeRTOS.elf.dir/Core/Src/i2c.c.obj
 .debug_abbrev  0x000008dc      0x21c CMakeFiles/SLK-FreeRTOS.elf.dir/Core/Src/main.c.obj
 .debug_abbrev  0x00000af8      0x1fc CMakeFiles/SLK-FreeRTOS.elf.dir/Core/Src/spi.c.obj
 .debug_abbrev  0x00000cf4      0x151 CMakeFiles/SLK-FreeRTOS.elf.dir/Core/Src/stm32g0xx_hal_msp.c.obj
 .debug_abbrev  0x00000e45      0x248 CMakeFiles/SLK-FreeRTOS.elf.dir/Core/Src/stm32g0xx_hal_timebase_tim.c.obj
 .debug_abbrev  0x0000108d      0x1c4 CMakeFiles/SLK-FreeRTOS.elf.dir/Core/Src/stm32g0xx_it.c.obj
 .debug_abbrev  0x00001251      0x142 CMakeFiles/SLK-FreeRTOS.elf.dir/Core/Src/system_stm32g0xx.c.obj
 .debug_abbrev  0x00001393      0x28e CMakeFiles/SLK-FreeRTOS.elf.dir/Core/Src/tim.c.obj
 .debug_abbrev  0x00001621      0x218 CMakeFiles/SLK-FreeRTOS.elf.dir/Core/Src/usart.c.obj
 .debug_abbrev  0x00001839       0x12 CMakeFiles/SLK-FreeRTOS.elf.dir/Core/Startup/startup_stm32g070cbtx.s.obj
 .debug_abbrev  0x0000184b      0x29c CMakeFiles/SLK-FreeRTOS.elf.dir/Drivers/STM32G0xx_HAL_Driver/Src/stm32g0xx_hal.c.obj
 .debug_abbrev  0x00001ae7      0x2c8 CMakeFiles/SLK-FreeRTOS.elf.dir/Drivers/STM32G0xx_HAL_Driver/Src/stm32g0xx_hal_adc.c.obj
 .debug_abbrev  0x00001daf      0x2c4 CMakeFiles/SLK-FreeRTOS.elf.dir/Drivers/STM32G0xx_HAL_Driver/Src/stm32g0xx_hal_adc_ex.c.obj
 .debug_abbrev  0x00002073      0x2af CMakeFiles/SLK-FreeRTOS.elf.dir/Drivers/STM32G0xx_HAL_Driver/Src/stm32g0xx_hal_cortex.c.obj
 .debug_abbrev  0x00002322      0x20a CMakeFiles/SLK-FreeRTOS.elf.dir/Drivers/STM32G0xx_HAL_Driver/Src/stm32g0xx_hal_dma.c.obj
 .debug_abbrev  0x0000252c      0x1fd CMakeFiles/SLK-FreeRTOS.elf.dir/Drivers/STM32G0xx_HAL_Driver/Src/stm32g0xx_hal_gpio.c.obj
 .debug_abbrev  0x00002729      0x28d CMakeFiles/SLK-FreeRTOS.elf.dir/Drivers/STM32G0xx_HAL_Driver/Src/stm32g0xx_hal_i2c.c.obj
 .debug_abbrev  0x000029b6      0x1eb CMakeFiles/SLK-FreeRTOS.elf.dir/Drivers/STM32G0xx_HAL_Driver/Src/stm32g0xx_hal_i2c_ex.c.obj
 .debug_abbrev  0x00002ba1      0x1f8 CMakeFiles/SLK-FreeRTOS.elf.dir/Drivers/STM32G0xx_HAL_Driver/Src/stm32g0xx_hal_pwr_ex.c.obj
 .debug_abbrev  0x00002d99      0x29a CMakeFiles/SLK-FreeRTOS.elf.dir/Drivers/STM32G0xx_HAL_Driver/Src/stm32g0xx_hal_rcc.c.obj
 .debug_abbrev  0x00003033      0x24e CMakeFiles/SLK-FreeRTOS.elf.dir/Drivers/STM32G0xx_HAL_Driver/Src/stm32g0xx_hal_rcc_ex.c.obj
 .debug_abbrev  0x00003281      0x272 CMakeFiles/SLK-FreeRTOS.elf.dir/Drivers/STM32G0xx_HAL_Driver/Src/stm32g0xx_hal_spi.c.obj
 .debug_abbrev  0x000034f3      0x254 CMakeFiles/SLK-FreeRTOS.elf.dir/Drivers/STM32G0xx_HAL_Driver/Src/stm32g0xx_hal_tim.c.obj
 .debug_abbrev  0x00003747      0x26a CMakeFiles/SLK-FreeRTOS.elf.dir/Drivers/STM32G0xx_HAL_Driver/Src/stm32g0xx_hal_tim_ex.c.obj
 .debug_abbrev  0x000039b1      0x33b CMakeFiles/SLK-FreeRTOS.elf.dir/Drivers/STM32G0xx_HAL_Driver/Src/stm32g0xx_hal_uart.c.obj
 .debug_abbrev  0x00003cec      0x315 CMakeFiles/SLK-FreeRTOS.elf.dir/Drivers/STM32G0xx_HAL_Driver/Src/stm32g0xx_hal_uart_ex.c.obj
 .debug_abbrev  0x00004001      0x214 CMakeFiles/SLK-FreeRTOS.elf.dir/Hardware/Src/tmc5130.c.obj
 .debug_abbrev  0x00004215      0x4f5 CMakeFiles/SLK-FreeRTOS.elf.dir/Middlewares/Third_Party/FreeRTOS/Source/CMSIS_RTOS_V2/cmsis_os2.c.obj
 .debug_abbrev  0x0000470a      0x106 CMakeFiles/SLK-FreeRTOS.elf.dir/Middlewares/Third_Party/FreeRTOS/Source/list.c.obj
 .debug_abbrev  0x00004810      0x1cc CMakeFiles/SLK-FreeRTOS.elf.dir/Middlewares/Third_Party/FreeRTOS/Source/portable/GCC/ARM_CM0/port.c.obj
 .debug_abbrev  0x000049dc      0x1f2 CMakeFiles/SLK-FreeRTOS.elf.dir/Middlewares/Third_Party/FreeRTOS/Source/portable/MemMang/heap_4.c.obj
 .debug_abbrev  0x00004bce      0x2d6 CMakeFiles/SLK-FreeRTOS.elf.dir/Middlewares/Third_Party/FreeRTOS/Source/queue.c.obj
 .debug_abbrev  0x00004ea4      0x289 CMakeFiles/SLK-FreeRTOS.elf.dir/Middlewares/Third_Party/FreeRTOS/Source/tasks.c.obj
 .debug_abbrev  0x0000512d      0x2d1 CMakeFiles/SLK-FreeRTOS.elf.dir/Middlewares/Third_Party/FreeRTOS/Source/timers.c.obj

.debug_loc      0x00000000    0x24551
 .debug_loc     0x00000000       0x8b CMakeFiles/SLK-FreeRTOS.elf.dir/Core/Src/adc.c.obj
 .debug_loc     0x0000008b       0x4a CMakeFiles/SLK-FreeRTOS.elf.dir/Core/Src/app_freertos.c.obj
 .debug_loc     0x000000d5       0xa5 CMakeFiles/SLK-FreeRTOS.elf.dir/Core/Src/i2c.c.obj
 .debug_loc     0x0000017a       0x42 CMakeFiles/SLK-FreeRTOS.elf.dir/Core/Src/main.c.obj
 .debug_loc     0x000001bc       0x91 CMakeFiles/SLK-FreeRTOS.elf.dir/Core/Src/spi.c.obj
 .debug_loc     0x0000024d      0x128 CMakeFiles/SLK-FreeRTOS.elf.dir/Core/Src/stm32g0xx_hal_timebase_tim.c.obj
 .debug_loc     0x00000375       0xa9 CMakeFiles/SLK-FreeRTOS.elf.dir/Core/Src/system_stm32g0xx.c.obj
 .debug_loc     0x0000041e      0x10e CMakeFiles/SLK-FreeRTOS.elf.dir/Core/Src/tim.c.obj
 .debug_loc     0x0000052c       0x8b CMakeFiles/SLK-FreeRTOS.elf.dir/Core/Src/usart.c.obj
 .debug_loc     0x000005b7      0x1bd CMakeFiles/SLK-FreeRTOS.elf.dir/Drivers/STM32G0xx_HAL_Driver/Src/stm32g0xx_hal.c.obj
 .debug_loc     0x00000774     0x1a35 CMakeFiles/SLK-FreeRTOS.elf.dir/Drivers/STM32G0xx_HAL_Driver/Src/stm32g0xx_hal_adc.c.obj
 .debug_loc     0x000021a9      0x41e CMakeFiles/SLK-FreeRTOS.elf.dir/Drivers/STM32G0xx_HAL_Driver/Src/stm32g0xx_hal_adc_ex.c.obj
 .debug_loc     0x000025c7      0x458 CMakeFiles/SLK-FreeRTOS.elf.dir/Drivers/STM32G0xx_HAL_Driver/Src/stm32g0xx_hal_cortex.c.obj
 .debug_loc     0x00002a1f      0x93e CMakeFiles/SLK-FreeRTOS.elf.dir/Drivers/STM32G0xx_HAL_Driver/Src/stm32g0xx_hal_dma.c.obj
 .debug_loc     0x0000335d      0x3a7 CMakeFiles/SLK-FreeRTOS.elf.dir/Drivers/STM32G0xx_HAL_Driver/Src/stm32g0xx_hal_gpio.c.obj
 .debug_loc     0x00003704     0x4feb CMakeFiles/SLK-FreeRTOS.elf.dir/Drivers/STM32G0xx_HAL_Driver/Src/stm32g0xx_hal_i2c.c.obj
 .debug_loc     0x000086ef      0x210 CMakeFiles/SLK-FreeRTOS.elf.dir/Drivers/STM32G0xx_HAL_Driver/Src/stm32g0xx_hal_i2c_ex.c.obj